Archive member included to satisfy reference by file (symbol)

c:/program files (x86)/atmel/studio/7.0/toolchain/avr8/avr8-gnu-toolchain/bin/../lib/gcc/avr/5.4.0/../../../../avr/lib/avr51\libm.a(addsf3.o)
                              communications/communications.o (__subsf3)
c:/program files (x86)/atmel/studio/7.0/toolchain/avr8/avr8-gnu-toolchain/bin/../lib/gcc/avr/5.4.0/../../../../avr/lib/avr51\libm.a(addsf3x.o)
                              c:/program files (x86)/atmel/studio/7.0/toolchain/avr8/avr8-gnu-toolchain/bin/../lib/gcc/avr/5.4.0/../../../../avr/lib/avr51\libm.a(addsf3.o) (__addsf3x)
c:/program files (x86)/atmel/studio/7.0/toolchain/avr8/avr8-gnu-toolchain/bin/../lib/gcc/avr/5.4.0/../../../../avr/lib/avr51\libm.a(cmpsf2.o)
                              i2c/SevenSegment.o (__ltsf2)
c:/program files (x86)/atmel/studio/7.0/toolchain/avr8/avr8-gnu-toolchain/bin/../lib/gcc/avr/5.4.0/../../../../avr/lib/avr51\libm.a(divsf3.o)
                              i2c/SevenSegment.o (__divsf3)
c:/program files (x86)/atmel/studio/7.0/toolchain/avr8/avr8-gnu-toolchain/bin/../lib/gcc/avr/5.4.0/../../../../avr/lib/avr51\libm.a(divsf3x.o)
                              c:/program files (x86)/atmel/studio/7.0/toolchain/avr8/avr8-gnu-toolchain/bin/../lib/gcc/avr/5.4.0/../../../../avr/lib/avr51\libm.a(divsf3.o) (__divsf3x)
c:/program files (x86)/atmel/studio/7.0/toolchain/avr8/avr8-gnu-toolchain/bin/../lib/gcc/avr/5.4.0/../../../../avr/lib/avr51\libm.a(fixsfsi.o)
                              communications/communications.o (__fixsfsi)
c:/program files (x86)/atmel/studio/7.0/toolchain/avr8/avr8-gnu-toolchain/bin/../lib/gcc/avr/5.4.0/../../../../avr/lib/avr51\libm.a(fixunssfsi.o)
                              i2c/SevenSegment.o (__fixunssfsi)
c:/program files (x86)/atmel/studio/7.0/toolchain/avr8/avr8-gnu-toolchain/bin/../lib/gcc/avr/5.4.0/../../../../avr/lib/avr51\libm.a(floatsisf.o)
                              communications/communications.o (__floatsisf)
c:/program files (x86)/atmel/studio/7.0/toolchain/avr8/avr8-gnu-toolchain/bin/../lib/gcc/avr/5.4.0/../../../../avr/lib/avr51\libm.a(fp_cmp.o)
                              c:/program files (x86)/atmel/studio/7.0/toolchain/avr8/avr8-gnu-toolchain/bin/../lib/gcc/avr/5.4.0/../../../../avr/lib/avr51\libm.a(cmpsf2.o) (__fp_cmp)
c:/program files (x86)/atmel/studio/7.0/toolchain/avr8/avr8-gnu-toolchain/bin/../lib/gcc/avr/5.4.0/../../../../avr/lib/avr51\libm.a(fp_inf.o)
                              c:/program files (x86)/atmel/studio/7.0/toolchain/avr8/avr8-gnu-toolchain/bin/../lib/gcc/avr/5.4.0/../../../../avr/lib/avr51\libm.a(addsf3x.o) (__fp_inf)
c:/program files (x86)/atmel/studio/7.0/toolchain/avr8/avr8-gnu-toolchain/bin/../lib/gcc/avr/5.4.0/../../../../avr/lib/avr51\libm.a(fp_nan.o)
                              c:/program files (x86)/atmel/studio/7.0/toolchain/avr8/avr8-gnu-toolchain/bin/../lib/gcc/avr/5.4.0/../../../../avr/lib/avr51\libm.a(addsf3x.o) (__fp_nan)
c:/program files (x86)/atmel/studio/7.0/toolchain/avr8/avr8-gnu-toolchain/bin/../lib/gcc/avr/5.4.0/../../../../avr/lib/avr51\libm.a(fp_pscA.o)
                              c:/program files (x86)/atmel/studio/7.0/toolchain/avr8/avr8-gnu-toolchain/bin/../lib/gcc/avr/5.4.0/../../../../avr/lib/avr51\libm.a(addsf3x.o) (__fp_pscA)
c:/program files (x86)/atmel/studio/7.0/toolchain/avr8/avr8-gnu-toolchain/bin/../lib/gcc/avr/5.4.0/../../../../avr/lib/avr51\libm.a(fp_pscB.o)
                              c:/program files (x86)/atmel/studio/7.0/toolchain/avr8/avr8-gnu-toolchain/bin/../lib/gcc/avr/5.4.0/../../../../avr/lib/avr51\libm.a(addsf3x.o) (__fp_pscB)
c:/program files (x86)/atmel/studio/7.0/toolchain/avr8/avr8-gnu-toolchain/bin/../lib/gcc/avr/5.4.0/../../../../avr/lib/avr51\libm.a(fp_round.o)
                              c:/program files (x86)/atmel/studio/7.0/toolchain/avr8/avr8-gnu-toolchain/bin/../lib/gcc/avr/5.4.0/../../../../avr/lib/avr51\libm.a(addsf3.o) (__fp_round)
c:/program files (x86)/atmel/studio/7.0/toolchain/avr8/avr8-gnu-toolchain/bin/../lib/gcc/avr/5.4.0/../../../../avr/lib/avr51\libm.a(fp_split3.o)
                              c:/program files (x86)/atmel/studio/7.0/toolchain/avr8/avr8-gnu-toolchain/bin/../lib/gcc/avr/5.4.0/../../../../avr/lib/avr51\libm.a(addsf3x.o) (__fp_split3)
c:/program files (x86)/atmel/studio/7.0/toolchain/avr8/avr8-gnu-toolchain/bin/../lib/gcc/avr/5.4.0/../../../../avr/lib/avr51\libm.a(fp_zero.o)
                              c:/program files (x86)/atmel/studio/7.0/toolchain/avr8/avr8-gnu-toolchain/bin/../lib/gcc/avr/5.4.0/../../../../avr/lib/avr51\libm.a(addsf3x.o) (__fp_zero)
c:/program files (x86)/atmel/studio/7.0/toolchain/avr8/avr8-gnu-toolchain/bin/../lib/gcc/avr/5.4.0/../../../../avr/lib/avr51\libm.a(mulsf3.o)
                              communications/communications.o (__mulsf3)
c:/program files (x86)/atmel/studio/7.0/toolchain/avr8/avr8-gnu-toolchain/bin/../lib/gcc/avr/5.4.0/../../../../avr/lib/avr51\libm.a(mulsf3x.o)
[...]
Memory Configuration

Name             Origin             Length             Attributes
text             0x00000000         0x00020000         xr
data             0x00800100         0x0000ff00         rw !x
eeprom           0x00810000         0x00010000         rw !x
fuse             0x00820000         0x00000003         rw !x
lock             0x00830000         0x00000400         rw !x
signature        0x00840000         0x00000400         rw !x
user_signatures  0x00850000         0x00000400         rw !x
*default*        0x00000000         0xffffffff

Linker script and memory map

Address of section .data set to 0x800200
LOAD C:/Program Files (x86)/Atmel/Studio/7.0/Packs/atmel/ATmega_DFP/1.1.130/gcc/dev/atmega1280/avr51/crtatmega1280.o
LOAD analog_input/analog_input.o
LOAD communications/communications.o
LOAD communications/message_queue.o
LOAD communications/parser.o
LOAD communications/request.o
LOAD ControlBoxEngine.o
LOAD digital_io/digital_pin.o
LOAD digital_io/expander.o
LOAD digital_io/expander_pin.o
LOAD high_level_io/input_handler.o
LOAD high_level_io/output_handler.o
LOAD i2c/i2c.o
LOAD i2c/I2CIO.o
LOAD i2c/LCD.o
LOAD i2c/LiquidCrystal_I2C.o
LOAD i2c/SevenSegment.o
LOAD main.o
LOAD memory/memory.o
LOAD timer/Clock.o
LOAD timer/SimpleTimer0.o
LOAD timer/SimpleTimer1.o
LOAD timer/timer.o
LOAD uart/uart_0.o
LOAD uart/uart_1.o
LOAD uart/uart_2.o
LOAD uart/uart_3.o
START GROUP
LOAD c:/program files (x86)/atmel/studio/7.0/toolchain/avr8/avr8-gnu-toolchain/bin/../lib/gcc/avr/5.4.0/../../../../avr/lib/avr51\libm.a
END GROUP
LOAD c:/program files (x86)/atmel/studio/7.0/toolchain/avr8/avr8-gnu-toolchain/bin/../lib/gcc/avr/5.4.0/avr51\libgcc.a
LOAD c:/program files (x86)/atmel/studio/7.0/toolchain/avr8/avr8-gnu-toolchain/bin/../lib/gcc/avr/5.4.0/../../../../avr/lib/avr51\libm.a
START GROUP
LOAD c:/program files (x86)/atmel/studio/7.0/toolchain/avr8/avr8-gnu-toolchain/bin/../lib/gcc/avr/5.4.0/avr51\libgcc.a
LOAD c:/program files (x86)/atmel/studio/7.0/toolchain/avr8/avr8-gnu-toolchain/bin/../lib/gcc/avr/5.4.0/../../../../avr/lib/avr51\libm.a
LOAD c:/program files (x86)/atmel/studio/7.0/toolchain/avr8/avr8-gnu-toolchain/bin/../lib/gcc/avr/5.4.0/../../../../avr/lib/avr51\libc.a
LOAD C:/Program Files (x86)/Atmel/Studio/7.0/Packs/atmel/ATmega_DFP/1.1.130/gcc/dev/atmega1280/avr51\libatmega1280.a
END GROUP
                0x00000000                __TEXT_REGION_ORIGIN__ = DEFINED (__TEXT_REGION_ORIGIN__)?__TEXT_REGION_ORIGIN__:0x0
                0x00800100                __DATA_REGION_ORIGIN__ = DEFINED (__DATA_REGION_ORIGIN__)?__DATA_REGION_ORIGIN__:0x800100
                0x00020000                __TEXT_REGION_LENGTH__ = DEFINED (__TEXT_REGION_LENGTH__)?__TEXT_REGION_LENGTH__:0x20000
                0x0000ff00                __DATA_REGION_LENGTH__ = DEFINED (__DATA_REGION_LENGTH__)?__DATA_REGION_LENGTH__:0xff00
                0x00010000                __EEPROM_REGION_LENGTH__ = DEFINED (__EEPROM_REGION_LENGTH__)?__EEPROM_REGION_LENGTH__:0x10000
                [0x00000003]                __FUSE_REGION_LENGTH__ = DEFINED (__FUSE_REGION_LENGTH__)?__FUSE_REGION_LENGTH__:0x400
                0x00000400                __LOCK_REGION_LENGTH__ = DEFINED (__LOCK_REGION_LENGTH__)?__LOCK_REGION_LENGTH__:0x400
                0x00000400                __SIGNATURE_REGION_LENGTH__ = DEFINED (__SIGNATURE_REGION_LENGTH__)?__SIGNATURE_REGION_LENGTH__:0x400
                0x00000400                __USER_SIGNATURE_REGION_LENGTH__ = DEFINED (__USER_SIGNATURE_REGION_LENGTH__)?__USER_SIGNATURE_REGION_LENGTH__:0x400

.hash
 *(.hash)

.dynsym
 *(.dynsym)

.dynstr
 *(.dynstr)

.gnu.version
 *(.gnu.version)

.gnu.version_d
 *(.gnu.version_d)

.gnu.version_r
 *(.gnu.version_r)

.rel.init
 *(.rel.init)

.rela.init
 *(.rela.init)

.rel.text
 *(.rel.text)
 *(.rel.text.*)
 *(.rel.gnu.linkonce.t*)

.rela.text
 *(.rela.text)
 *(.rela.text.*)
 *(.rela.gnu.linkonce.t*)

.rel.fini
 *(.rel.fini)

.rela.fini
 *(.rela.fini)

.rel.rodata
 *(.rel.rodata)
 *(.rel.rodata.*)
 *(.rel.gnu.linkonce.r*)

.rela.rodata
 *(.rela.rodata)
 *(.rela.rodata.*)
 *(.rela.gnu.linkonce.r*)

.rel.data
 *(.rel.data)
 *(.rel.data.*)
 *(.rel.gnu.linkonce.d*)

.rela.data
 *(.rela.data)
 *(.rela.data.*)
 *(.rela.gnu.linkonce.d*)

.rel.ctors
 *(.rel.ctors)

.rela.ctors
 *(.rela.ctors)

.rel.dtors
 *(.rel.dtors)

.rela.dtors
 *(.rela.dtors)

.rel.got
 *(.rel.got)

.rela.got
 *(.rela.got)

.rel.bss
 *(.rel.bss)

.rela.bss
 *(.rela.bss)

.rel.plt
 *(.rel.plt)

.rela.plt
 *(.rela.plt)

.text           0x00000000     0x2f88
 *(.vectors)
 .vectors       0x00000000       0xe4 C:/Program Files (x86)/Atmel/Studio/7.0/Packs/atmel/ATmega_DFP/1.1.130/gcc/dev/atmega1280/avr51/crtatmega1280.o
                0x00000000                __vector_default
                0x00000000                __vectors
 *(.vectors)
 *(.progmem.gcc*)
 .progmem.gcc_sw_table._ZL12DDR_REGISTER4Port
                0x000000e4       0x16 digital_io/digital_pin.o
 .progmem.gcc_sw_table._ZL13PORT_REGISTER4Port
                0x000000fa       0x16 digital_io/digital_pin.o
 .progmem.gcc_sw_table._ZN10DigitalPin4readEv
                0x00000110       0x16 digital_io/digital_pin.o
 .progmem.gcc_sw_table._ZN3I2C5writeEPhh
                0x00000126       0x10 i2c/i2c.o
 .progmem.gcc_sw_table._ZN3I2C4readEPhh
                0x00000136       0x10 i2c/i2c.o
 .progmem.gcc_sw_table._Z21timer0_setClockSource12CLOCK_SOURCE
                0x00000146       0x10 timer/timer.o
                0x00000156                . = ALIGN (0x2)
                0x00000156                __trampolines_start = .
 *(.trampolines)
 .trampolines   0x00000156        0x0 linker stubs
 *(.trampolines*)
                0x00000156                __trampolines_end = .
 *libprintf_flt.a:*(.progmem.data)
 *libc.a:*(.progmem.data)
 *(.progmem*)
                0x00000156                . = ALIGN (0x2)
 *(.jumptables)
 *(.jumptables*)
 *(.lowtext)
 *(.lowtext*)
                0x00000156                __ctors_start = .
 *(.ctors)
 .ctors         0x00000156        0x2 communications/communications.o
 .ctors         0x00000158        0x2 high_level_io/input_handler.o
 .ctors         0x0000015a        0x2 high_level_io/output_handler.o
 .ctors         0x0000015c        0x2 timer/Clock.o
                0x0000015e                __ctors_end = .
                0x0000015e                __dtors_start = .
 *(.dtors)
                0x0000015e                __dtors_end = .
 SORT(*)(.ctors)
 SORT(*)(.dtors)
 *(.init0)
 .init0         0x0000015e        0x0 C:/Program Files (x86)/Atmel/Studio/7.0/Packs/atmel/ATmega_DFP/1.1.130/gcc/dev/atmega1280/avr51/crtatmega1280.o
                0x0000015e                __init
 *(.init0)
 *(.init1)
 *(.init1)
 *(.init2)
 .init2         0x0000015e        0xc C:/Program Files (x86)/Atmel/Studio/7.0/Packs/atmel/ATmega_DFP/1.1.130/gcc/dev/atmega1280/avr51/crtatmega1280.o
 *(.init2)
 *(.init3)
 *(.init3)
 *(.init4)
 .init4         0x0000016a       0x1a c:/program files (x86)/atmel/studio/7.0/toolchain/avr8/avr8-gnu-toolchain/bin/../lib/gcc/avr/5.4.0/avr51\libgcc.a(_copy_data.o)
                0x0000016a                __do_copy_data
 .init4         0x00000184       0x10 c:/program files (x86)/atmel/studio/7.0/toolchain/avr8/avr8-gnu-toolchain/bin/../lib/gcc/avr/5.4.0/avr51\libgcc.a(_clear_bss.o)
                0x00000184                __do_clear_bss
 *(.init4)
 *(.init5)
 *(.init5)
 *(.init6)
 .init6         0x00000194       0x16 c:/program files (x86)/atmel/studio/7.0/toolchain/avr8/avr8-gnu-toolchain/bin/../lib/gcc/avr/5.4.0/avr51\libgcc.a(_ctors.o)
                0x00000194                __do_global_ctors
 *(.init6)
 *(.init7)
 *(.init7)
 *(.init8)
 *(.init8)
 *(.init9)
 .init9         0x000001aa        0x8 C:/Program Files (x86)/Atmel/Studio/7.0/Packs/atmel/ATmega_DFP/1.1.130/gcc/dev/atmega1280/avr51/crtatmega1280.o
 *(.init9)
 *(.text)
 .text          0x000001b2        0x2 C:/Program Files (x86)/Atmel/Studio/7.0/Packs/atmel/ATmega_DFP/1.1.130/gcc/dev/atmega1280/avr51/crtatmega1280.o
                0x000001b2                __vector_38
                0x000001b2                __vector_22
                0x000001b2                __vector_28
                0x000001b2                __vector_1
                0x000001b2                __vector_32
                0x000001b2                __vector_34
                0x000001b2                __vector_24
                0x000001b2                __vector_12
                0x000001b2                __vector_46
                0x000001b2                __bad_interrupt
                0x000001b2                __vector_6
                0x000001b2                __vector_31
                0x000001b2                __vector_35
                0x000001b2                __vector_39
                0x000001b2                __vector_3
                0x000001b2                __vector_30
                0x000001b2                __vector_45
                0x000001b2                __vector_11
                0x000001b2                __vector_13
                0x000001b2                __vector_17
                0x000001b2                __vector_19
                0x000001b2                __vector_56
                0x000001b2                __vector_7
                0x000001b2                __vector_49
                0x000001b2                __vector_41
                0x000001b2                __vector_43
                0x000001b2                __vector_27
                0x000001b2                __vector_5
                0x000001b2                __vector_33
                0x000001b2                __vector_47
                0x000001b2                __vector_4
                0x000001b2                __vector_44
                0x000001b2                __vector_9
                0x000001b2                __vector_2
                0x000001b2                __vector_21
                0x000001b2                __vector_15
                0x000001b2                __vector_40
                0x000001b2                __vector_8
                0x000001b2                __vector_48
                0x000001b2                __vector_14
                0x000001b2                __vector_53
                0x000001b2                __vector_10
                0x000001b2                __vector_50
                0x000001b2                __vector_16
                0x000001b2                __vector_18
                0x000001b2                __vector_42
                0x000001b4                . = ALIGN (0x2)
 *(.text.*)
 .text.__vector_29
                0x000001b4       0x1e analog_input/analog_input.o
                0x000001b4                __vector_29
 .text._ZN11AnalogInput24select_voltage_referenceEv
                0x000001d2        0xc analog_input/analog_input.o
                0x000001d2                _ZN11AnalogInput24select_voltage_referenceEv
 .text._ZN11AnalogInput22switch_to_this_channelEv
                0x000001de       0x28 analog_input/analog_input.o
                0x000001de                _ZN11AnalogInput22switch_to_this_channelEv
 .text._ZN11AnalogInput12set_prescaleEv
                0x00000206        0xc analog_input/analog_input.o
                0x00000206                _ZN11AnalogInput12set_prescaleEv
 .text._ZN11AnalogInput10enable_adcEv
                0x00000212        0xc analog_input/analog_input.o
                0x00000212                _ZN11AnalogInput10enable_adcEv
 .text._ZN11AnalogInput10initializeE14ANALOG_CHANNEL
                0x0000021e       0x24 analog_input/analog_input.o
                0x0000021e                _ZN11AnalogInput10initializeE14ANALOG_CHANNEL
 .text._ZN11AnalogInput16start_conversionEv
                0x00000242       0x16 analog_input/analog_input.o
                0x00000242                _ZN11AnalogInput16start_conversionEv
 .text._ZN11AnalogInput4readEv
                0x00000258       0x2c analog_input/analog_input.o
                0x00000258                _ZN11AnalogInput4readEv
 .text._ZN14Communications10initializeEjP6Memory
                0x00000284       0x50 communications/communications.o
                0x00000284                _ZN14Communications10initializeEjP6Memory
 .text._ZN14Communications16check_connectionEv
                0x000002d4       0x2a communications/communications.o
                0x000002d4                _ZN14Communications16check_connectionEv
 .text._ZN14Communications25is_emergency_stop_pressedEv
                0x000002fe       0x12 communications/communications.o
                0x000002fe                _ZN14Communications25is_emergency_stop_pressedEv
 .text._ZN14Communications19get_requested_macroEv
                0x00000310       0x56 communications/communications.o
                0x00000310                _ZN14Communications19get_requested_macroEv
 .text._ZN14Communications24get_bucket_motor_commandEP7MessageRh
                0x00000366       0xba communications/communications.o
                0x00000366                _ZN14Communications24get_bucket_motor_commandEP7MessageRh
 .text._ZN14Communications22get_plow_motor_commandEP7MessageRh
                0x00000420       0x7a communications/communications.o
                0x00000420                _ZN14Communications22get_plow_motor_commandEP7MessageRh
 .text._ZN14Communications13joystickR_msgEP7MessageRh
                0x0000049a      0x2be communications/communications.o
                0x0000049a                _ZN14Communications13joystickR_msgEP7MessageRh
 .text._ZN14Communications13joystickL_msgEP7MessageRh
                0x00000758      0x136 communications/communications.o
                0x00000758                _ZN14Communications13joystickL_msgEP7MessageRh
 .text._ZN14Communications3crcEPK7Messageh
                0x0000088e       0x84 communications/communications.o
                0x0000088e                _ZN14Communications3crcEPK7Messageh
 .text._ZN14Communications4sendEPK7Messageh
                0x00000912       0x82 communications/communications.o
                0x00000912                _ZN14Communications4sendEPK7Messageh
 .text._ZN14Communications21handle_manual_commandEv
                0x00000994       0x7c communications/communications.o
                0x00000994                _ZN14Communications21handle_manual_commandEv
 .text._ZN14Communications5parseEh
                0x00000a10       0x86 communications/communications.o
                0x00000a10                _ZN14Communications5parseEh
 .text._ZN14Communications4readEv
                0x00000a96       0x2a communications/communications.o
                0x00000a96                _ZN14Communications4readEv
 .text._ZN14Communications7receiveEv
                0x00000ac0       0xc0 communications/communications.o
                0x00000ac0                _ZN14Communications7receiveEv
 .text._ZN14Communications21handle_emergency_stopEv
                0x00000b80       0xa4 communications/communications.o
                0x00000b80                _ZN14Communications21handle_emergency_stopEv
 .text._ZN14Communications20handle_macro_requestEj
                0x00000c24       0x62 communications/communications.o
                0x00000c24                _ZN14Communications20handle_macro_requestEj
 .text._ZN14Communications8transmitEv
                0x00000c86      0x116 communications/communications.o
                0x00000c86                _ZN14Communications8transmitEv
 .text._GLOBAL__sub_I_MACRO_RE_SEND_TIMER
                0x00000d9c       0x32 communications/communications.o
 .text._ZN12MessageQueueC2Ev
                0x00000dce        0xa communications/message_queue.o
                0x00000dce                _ZN12MessageQueueC2Ev
                0x00000dce                _ZN12MessageQueueC1Ev
 .text._ZN12MessageQueue4pushERK7Message
                0x00000dd8       0x56 communications/message_queue.o
                0x00000dd8                _ZN12MessageQueue4pushERK7Message
 .text._ZN12MessageQueue3popEv
                0x00000e2e       0x40 communications/message_queue.o
                0x00000e2e                _ZN12MessageQueue3popEv
 .text._ZNK12MessageQueue5countEv
                0x00000e6e        0x6 communications/message_queue.o
                0x00000e6e                _ZNK12MessageQueue5countEv
 .text._ZN18FastTransferParserC2Ev
                0x00000e74        0x6 communications/parser.o
                0x00000e74                _ZN18FastTransferParserC2Ev
                0x00000e74                _ZN18FastTransferParserC1Ev
 .text._ZN18FastTransferParser4pushEh
                0x00000e7a       0x1c communications/parser.o
                0x00000e7a                _ZN18FastTransferParser4pushEh
 .text._ZNK18FastTransferParser7is_fullEv
                0x00000e96       0x10 communications/parser.o
                0x00000e96                _ZNK18FastTransferParser7is_fullEv
 .text._ZN18FastTransferParser5clearEv
                0x00000ea6        0x6 communications/parser.o
                0x00000ea6                _ZN18FastTransferParser5clearEv
 .text._ZNK18FastTransferParser11get_messageEh
                0x00000eac       0x16 communications/parser.o
                0x00000eac                _ZNK18FastTransferParser11get_messageEh
 .text._ZNK18FastTransferParser10verify_crcEv
                0x00000ec2       0x78 communications/parser.o
                0x00000ec2                _ZNK18FastTransferParser10verify_crcEv
 .text._ZNK18FastTransferParser14valid_messagesEv
                0x00000f3a       0x2e communications/parser.o
                0x00000f3a                _ZNK18FastTransferParser14valid_messagesEv
 .text._ZNK18FastTransferParser12num_messagesEv
                0x00000f68       0x22 communications/parser.o
                0x00000f68                _ZNK18FastTransferParser12num_messagesEv
 .text._ZN16ControlBoxEngine10initializeEv
                0x00000f8a       0x26 ControlBoxEngine.o
                0x00000f8a                _ZN16ControlBoxEngine10initializeEv
 .text._ZN16ControlBoxEngine4loopEv
                0x00000fb0       0x1c ControlBoxEngine.o
                0x00000fb0                _ZN16ControlBoxEngine4loopEv
 .text._ZL12DDR_REGISTER4Port
                0x00000fcc       0x5a digital_io/digital_pin.o
 .text._ZL13PORT_REGISTER4Port
                0x00001026       0x5a digital_io/digital_pin.o
 .text._ZN10DigitalPin10initializeE4Port3Pin4Mode
                0x00001080       0x98 digital_io/digital_pin.o
                0x00001080                _ZN10DigitalPin10initializeE4Port3Pin4Mode
 .text._ZN10DigitalPin4readEv
                0x00001118       0x76 digital_io/digital_pin.o
                0x00001118                _ZN10DigitalPin4readEv
 .text._ZN10DigitalPin6is_lowEv
                0x0000118e        0x8 digital_io/digital_pin.o
                0x0000118e                _ZN10DigitalPin6is_lowEv
 .text._ZN8Expander11set_addressEh
                0x00001196        0xa digital_io/expander.o
                0x00001196                _ZN8Expander11set_addressEh
 .text._ZN8Expander14write_registerEhh
                0x000011a0       0x46 digital_io/expander.o
                0x000011a0                _ZN8Expander14write_registerEhh
 .text._ZN8Expander13read_registerEh
                0x000011e6       0x46 digital_io/expander.o
                0x000011e6                _ZN8Expander13read_registerEh
 .text._ZN11ExpanderPin4readEv
                0x0000122c       0x2e digital_io/expander_pin.o
                0x0000122c                _ZN11ExpanderPin4readEv
 .text._ZN11ExpanderPin8set_modeE4Mode
                0x0000125a       0x68 digital_io/expander_pin.o
                0x0000125a                _ZN11ExpanderPin8set_modeE4Mode
 .text._ZN11ExpanderPin10initializeEP8Expander4Port3Pin4Mode
                0x000012c2       0x14 digital_io/expander_pin.o
                0x000012c2                _ZN11ExpanderPin10initializeEP8Expander4Port3Pin4Mode
 .text._ZN12InputHandler20initialize_expandersEv
                0x000012d6       0x1a high_level_io/input_handler.o
                0x000012d6                _ZN12InputHandler20initialize_expandersEv
 .text._ZN12InputHandler23initialize_push_buttonsEv
                0x000012f0      0x102 high_level_io/input_handler.o
                0x000012f0                _ZN12InputHandler23initialize_push_buttonsEv
 .text._ZN12InputHandler25initialize_arcade_buttonsEv
                0x000013f2       0x88 high_level_io/input_handler.o
                0x000013f2                _ZN12InputHandler25initialize_arcade_buttonsEv
 .text._ZN12InputHandler20initialize_joysticksEv
                0x0000147a       0x3a high_level_io/input_handler.o
                0x0000147a                _ZN12InputHandler20initialize_joysticksEv
 .text._ZN12InputHandler25initialize_potentiometersEv
                0x000014b4       0x22 high_level_io/input_handler.o
                0x000014b4                _ZN12InputHandler25initialize_potentiometersEv
 .text._ZN12InputHandler10initializeEP6Memory
                0x000014d6       0x3c high_level_io/input_handler.o
                0x000014d6                _ZN12InputHandler10initializeEP6Memory
 .text._ZN12InputHandler19poll_arcade_buttonsEv
                0x00001512       0x2c high_level_io/input_handler.o
                0x00001512                _ZN12InputHandler19poll_arcade_buttonsEv
 .text._ZN12InputHandler17poll_push_buttonsEv
                0x0000153e       0x30 high_level_io/input_handler.o
                0x0000153e                _ZN12InputHandler17poll_push_buttonsEv
 .text._ZN12InputHandler18poll_analog_inputsEv
                0x0000156e       0x6a high_level_io/input_handler.o
                0x0000156e                _ZN12InputHandler18poll_analog_inputsEv
 .text._ZN12InputHandler4pollEv
                0x000015d8       0x22 high_level_io/input_handler.o
                0x000015d8                _ZN12InputHandler4pollEv
 .text._GLOBAL__sub_I_RESET_TIMER
                0x000015fa       0x1e high_level_io/input_handler.o
 .text._GLOBAL__sub_I_LsevenSeg
                0x00001618       0x66 high_level_io/output_handler.o
 .text._Z10copy_rangePhS_h
                0x0000167e       0x7e i2c/i2c.o
                0x0000167e                _Z10copy_rangePhS_h
 .text._ZN3I2C11set_addressEh
                0x000016fc        0x8 i2c/i2c.o
                0x000016fc                _ZN3I2C11set_addressEh
 .text._ZN3I2C12send_addressENS_9DirectionE
                0x00001704       0x26 i2c/i2c.o
                0x00001704                _ZN3I2C12send_addressENS_9DirectionE
 .text._ZN3I2C14read_data_byteEv
                0x0000172a       0x2c i2c/i2c.o
                0x0000172a                _ZN3I2C14read_data_byteEv
 .text._ZN3I2C4failEv
                0x00001756       0x1c i2c/i2c.o
                0x00001756                _ZN3I2C4failEv
 .text._ZN3I2C12verify_startEv
                0x00001772       0x20 i2c/i2c.o
                0x00001772                _ZN3I2C12verify_startEv
 .text._ZN3I2C25verify_write_address_sentEv
                0x00001792       0x20 i2c/i2c.o
                0x00001792                _ZN3I2C25verify_write_address_sentEv
 .text._ZN3I2C24verify_read_address_sentEv
                0x000017b2       0x20 i2c/i2c.o
                0x000017b2                _ZN3I2C24verify_read_address_sentEv
 .text._ZN3I2C16verify_data_sentEv
                0x000017d2       0x32 i2c/i2c.o
                0x000017d2                _ZN3I2C16verify_data_sentEv
 .text._ZN3I2C5writeEPhh
                0x00001804       0xf8 i2c/i2c.o
                0x00001804                _ZN3I2C5writeEPhh
 .text._ZN3I2C16verify_data_readEv
                0x000018fc       0x48 i2c/i2c.o
                0x000018fc                _ZN3I2C16verify_data_readEv
 .text._ZN3I2C4readEPhh
                0x00001944       0xbc i2c/i2c.o
                0x00001944                _ZN3I2C4readEPhh
 .text._ZN5I2CIOC2Ev
                0x00001a00        0xe i2c/I2CIO.o
                0x00001a00                _ZN5I2CIOC2Ev
                0x00001a00                _ZN5I2CIOC1Ev
 .text._ZN5I2CIO5beginEh
                0x00001a0e       0x24 i2c/I2CIO.o
                0x00001a0e                _ZN5I2CIO5beginEh
 .text._ZN5I2CIO8portModeEh
                0x00001a32       0x12 i2c/I2CIO.o
                0x00001a32                _ZN5I2CIO8portModeEh
 .text._ZN5I2CIO5writeEh
                0x00001a44       0x18 i2c/I2CIO.o
                0x00001a44                _ZN5I2CIO5writeEh
 .text._ZN3LCD15setBacklightPinEh14t_backlightPol
                0x00001a5c        0x2 i2c/LCD.o
                0x00001a5c                _ZN3LCD15setBacklightPinEh14t_backlightPol
 .text._ZN3LCD12setBacklightEh
                0x00001a5e        0x2 i2c/LCD.o
                0x00001a5e                _ZN3LCD12setBacklightEh
 .text._ZN3LCD4sendEhh
                0x00001a60        0x2 i2c/LCD.o
                0x00001a60                _ZN3LCD4sendEhh
 .text._ZN3LCD5writeEh
                0x00001a62       0x16 i2c/LCD.o
                0x00001a62                _ZN3LCD5writeEh
 .text._ZN3LCDC2Ev
                0x00001a78        0xc i2c/LCD.o
                0x00001a78                _ZN3LCDC1Ev
                0x00001a78                _ZN3LCDC2Ev
 .text._ZN3LCD9backlightEv
                0x00001a84       0x12 i2c/LCD.o
                0x00001a84                _ZN3LCD9backlightEv
 .text._ZN3LCD7commandEh
                0x00001a96       0x12 i2c/LCD.o
                0x00001a96                _ZN3LCD7commandEh
 .text._ZN3LCD5clearEv
                0x00001aa8       0x12 i2c/LCD.o
                0x00001aa8                _ZN3LCD5clearEv
 .text._ZN3LCD7displayEv
                0x00001aba       0x10 i2c/LCD.o
                0x00001aba                _ZN3LCD7displayEv
 .text._ZN3LCD5beginEhhh
                0x00001aca      0x122 i2c/LCD.o
                0x00001aca                _ZN3LCD5beginEhhh
 .text._ZN17LiquidCrystal_I2C15setBacklightPinEh14t_backlightPol
                0x00001bec       0x28 i2c/LiquidCrystal_I2C.o
                0x00001bec                _ZN17LiquidCrystal_I2C15setBacklightPinEh14t_backlightPol
 .text._ZN17LiquidCrystal_I2C12setBacklightEh
                0x00001c14       0x2c i2c/LiquidCrystal_I2C.o
                0x00001c14                _ZN17LiquidCrystal_I2C12setBacklightEh
 .text._ZN17LiquidCrystal_I2CC2Ehhhhhhhh
                0x00001c40       0xae i2c/LiquidCrystal_I2C.o
                0x00001c40                _ZN17LiquidCrystal_I2CC2Ehhhhhhhh
                0x00001c40                _ZN17LiquidCrystal_I2CC1Ehhhhhhhh
 .text._ZN17LiquidCrystal_I2C4initEv
                0x00001cee       0x3c i2c/LiquidCrystal_I2C.o
                0x00001cee                _ZN17LiquidCrystal_I2C4initEv
 .text._ZN17LiquidCrystal_I2C11pulseEnableEh
                0x00001d2a       0x38 i2c/LiquidCrystal_I2C.o
                0x00001d2a                _ZN17LiquidCrystal_I2C11pulseEnableEh
 .text._ZN17LiquidCrystal_I2C10write4bitsEhh
                0x00001d62       0x36 i2c/LiquidCrystal_I2C.o
                0x00001d62                _ZN17LiquidCrystal_I2C10write4bitsEhh
 .text._ZN17LiquidCrystal_I2C4sendEhh
                0x00001d98       0x42 i2c/LiquidCrystal_I2C.o
                0x00001d98                _ZN17LiquidCrystal_I2C4sendEhh
 .text._ZN17LiquidCrystal_I2C5beginEhhh
                0x00001dda       0x2a i2c/LiquidCrystal_I2C.o
                0x00001dda                _ZN17LiquidCrystal_I2C5beginEhhh
 .text._ZN17Adafruit_7segmentC2Eh
                0x00001e04        0xe i2c/SevenSegment.o
                0x00001e04                _ZN17Adafruit_7segmentC2Eh
                0x00001e04                _ZN17Adafruit_7segmentC1Eh
 .text.main     0x00001e12       0x64 main.o
                0x00001e12                main
 .text._ZN6Memory10initializeEv
                0x00001e76       0x1e memory/memory.o
                0x00001e76                _ZN6Memory10initializeEv
 .text._ZN6Memory5writeEhj
                0x00001e94       0x34 memory/memory.o
                0x00001e94                _ZN6Memory5writeEhj
 .text._ZN6Memory4readEh
                0x00001ec8       0x1a memory/memory.o
                0x00001ec8                _ZN6Memory4readEh
 .text._ZN6Memory13valid_addressEh
                0x00001ee2        0xa memory/memory.o
                0x00001ee2                _ZN6Memory13valid_addressEh
 .text._ZN6Clocks5resetEv
                0x00001eec       0x22 timer/Clock.o
                0x00001eec                _ZN6Clocks5resetEv
 .text._ZN6ClocksC2Ev
                0x00001f0e       0x34 timer/Clock.o
                0x00001f0e                _ZN6ClocksC1Ev
                0x00001f0e                _ZN6ClocksC2Ev
 .text._ZN6ClocksC2El
                0x00001f42       0x40 timer/Clock.o
                0x00001f42                _ZN6ClocksC2El
                0x00001f42                _ZN6ClocksC1El
 .text._ZN6Clocks11setIntervalEl
                0x00001f82        0xc timer/Clock.o
                0x00001f82                _ZN6Clocks11setIntervalEl
 .text._ZN6Clocks6updateEv
                0x00001f8e       0x1a timer/Clock.o
                0x00001f8e                _ZN6Clocks6updateEv
 .text._ZN6Clocks6isDoneEv
                0x00001fa8       0x4c timer/Clock.o
                0x00001fa8                _ZN6Clocks6isDoneEv
 .text._ZN6Clocks14isDone_NoResetEv
                0x00001ff4       0x4c timer/Clock.o
                0x00001ff4                _ZN6Clocks14isDone_NoResetEv
 .text._GLOBAL__sub_I__ZN6ClocksC2Ev
                0x00002040        0x8 timer/Clock.o
 .text._Z5resetv
                0x00002048       0x18 timer/SimpleTimer0.o
                0x00002048                _Z5resetv
 .text.__vector_23
                0x00002060       0x9e timer/SimpleTimer0.o
                0x00002060                __vector_23
 .text.__vector_20
                0x000020fe       0xbc timer/SimpleTimer1.o
                0x000020fe                __vector_20
 .text._ZN12SimpleTimer16millisEv
                0x000021ba       0x12 timer/SimpleTimer1.o
                0x000021ba                _ZN12SimpleTimer16millisEv
 .text._ZN12SimpleTimer15startEv
                0x000021cc       0x16 timer/SimpleTimer1.o
                0x000021cc                _ZN12SimpleTimer15startEv
 .text._ZN12SimpleTimer1C2Ev
                0x000021e2        0x4 timer/SimpleTimer1.o
                0x000021e2                _ZN12SimpleTimer1C2Ev
                0x000021e2                _ZN12SimpleTimer1C1Ev
 .text._ZN12SimpleTimer112set_durationEm
                0x000021e6       0x26 timer/SimpleTimer1.o
                0x000021e6                _ZN12SimpleTimer112set_durationEm
 .text._Z21timer0_setClockSource12CLOCK_SOURCE
                0x0000220c       0x5c timer/timer.o
                0x0000220c                _Z21timer0_setClockSource12CLOCK_SOURCE
 .text._Z36timer0_disableTimerOverflowInterruptv
                0x00002268        0xc timer/timer.o
                0x00002268                _Z36timer0_disableTimerOverflowInterruptv
 .text.__vector_25
                0x00002274       0x64 uart/uart_0.o
                0x00002274                __vector_25
 .text.__vector_26
                0x000022d8       0x5c uart/uart_0.o
                0x000022d8                __vector_26
 .text.__vector_36
                0x00002334       0x62 uart/uart_1.o
                0x00002334                __vector_36
 .text.__vector_37
                0x00002396       0x5a uart/uart_1.o
                0x00002396                __vector_37
 .text._Z16uart1_initializej
                0x000023f0       0x28 uart/uart_1.o
                0x000023f0                _Z16uart1_initializej
 .text._Z15uart1_read_bytev
                0x00002418       0x3a uart/uart_1.o
                0x00002418                _Z15uart1_read_bytev
 .text._Z15uart1_send_byteh
                0x00002452       0x28 uart/uart_1.o
                0x00002452                _Z15uart1_send_byteh
 .text.__vector_51
                0x0000247a       0x64 uart/uart_2.o
                0x0000247a                __vector_51
 .text.__vector_52
                0x000024de       0x5c uart/uart_2.o
                0x000024de                __vector_52
 .text.__vector_54
                0x0000253a       0x76 uart/uart_3.o
                0x0000253a                __vector_54
 .text.__vector_55
                0x000025b0       0x5c uart/uart_3.o
                0x000025b0                __vector_55
 .text.avr-libc.fplib
                0x0000260c        0xa c:/program files (x86)/atmel/studio/7.0/toolchain/avr8/avr8-gnu-toolchain/bin/../lib/gcc/avr/5.4.0/../../../../avr/lib/avr51\libm.a(addsf3.o)
                0x0000260c                __subsf3
                0x0000260e                __addsf3
 .text.avr-libc.fplib
                0x00002616       0xc0 c:/program files (x86)/atmel/studio/7.0/toolchain/avr8/avr8-gnu-toolchain/bin/../lib/gcc/avr/5.4.0/../../../../avr/lib/avr51\libm.a(addsf3x.o)
                0x00002630                __addsf3x
 .text.avr-libc.fplib
                0x000026d6        0xa c:/program files (x86)/atmel/studio/7.0/toolchain/avr8/avr8-gnu-toolchain/bin/../lib/gcc/avr/5.4.0/../../../../avr/lib/avr51\libm.a(fixsfsi.o)
                0x000026d6                __fixsfsi
 .text.avr-libc.fplib
                0x000026e0       0x58 c:/program files (x86)/atmel/studio/7.0/toolchain/avr8/avr8-gnu-toolchain/bin/../lib/gcc/avr/5.4.0/../../../../avr/lib/avr51\libm.a(fixunssfsi.o)
                0x000026e0                __fixunssfsi
 .text.avr-libc.fplib
                0x00002738       0x7a c:/program files (x86)/atmel/studio/7.0/toolchain/avr8/avr8-gnu-toolchain/bin/../lib/gcc/avr/5.4.0/../../../../avr/lib/avr51\libm.a(floatsisf.o)
                0x00002738                __floatunsisf
                0x0000273c                __floatsisf
 .text.avr-libc.fplib
                0x000027b2        0xc c:/program files (x86)/atmel/studio/7.0/toolchain/avr8/avr8-gnu-toolchain/bin/../lib/gcc/avr/5.4.0/../../../../avr/lib/avr51\libm.a(fp_inf.o)
                0x000027b2                __fp_inf
 .text.avr-libc.fplib
                0x000027be        0x6 c:/program files (x86)/atmel/studio/7.0/toolchain/avr8/avr8-gnu-toolchain/bin/../lib/gcc/avr/5.4.0/../../../../avr/lib/avr51\libm.a(fp_nan.o)
                0x000027be                __fp_nan
 .text.avr-libc.fplib
                0x000027c4        0xe c:/program files (x86)/atmel/studio/7.0/toolchain/avr8/avr8-gnu-toolchain/bin/../lib/gcc/avr/5.4.0/../../../../avr/lib/avr51\libm.a(fp_pscA.o)
                0x000027c4                __fp_pscA
 .text.avr-libc.fplib
                0x000027d2        0xe c:/program files (x86)/atmel/studio/7.0/toolchain/avr8/avr8-gnu-toolchain/bin/../lib/gcc/avr/5.4.0/../../../../avr/lib/avr51\libm.a(fp_pscB.o)
                0x000027d2                __fp_pscB
 .text.avr-libc.fplib
                0x000027e0       0x22 c:/program files (x86)/atmel/studio/7.0/toolchain/avr8/avr8-gnu-toolchain/bin/../lib/gcc/avr/5.4.0/../../../../avr/lib/avr51\libm.a(fp_round.o)
                0x000027e0                __fp_round
 .text.avr-libc.fplib
                0x00002802       0x44 c:/program files (x86)/atmel/studio/7.0/toolchain/avr8/avr8-gnu-toolchain/bin/../lib/gcc/avr/5.4.0/../../../../avr/lib/avr51\libm.a(fp_split3.o)
                0x00002802                __fp_split3
                0x00002812                __fp_splitA
 .text.avr-libc.fplib
                0x00002846        0xe c:/program files (x86)/atmel/studio/7.0/toolchain/avr8/avr8-gnu-toolchain/bin/../lib/gcc/avr/5.4.0/../../../../avr/lib/avr51\libm.a(fp_zero.o)
                0x00002846                __fp_zero
                0x00002848                __fp_szero
 .text.avr-libc.fplib
                0x00002854        0x4 c:/program files (x86)/atmel/studio/7.0/toolchain/avr8/avr8-gnu-toolchain/bin/../lib/gcc/avr/5.4.0/../../../../avr/lib/avr51\libm.a(mulsf3.o)
                0x00002854                __mulsf3
 .text.avr-libc.fplib
                0x00002858       0xc2 c:/program files (x86)/atmel/studio/7.0/toolchain/avr8/avr8-gnu-toolchain/bin/../lib/gcc/avr/5.4.0/../../../../avr/lib/avr51\libm.a(mulsf3x.o)
                0x0000286c                __mulsf3x
                0x00002870                __mulsf3_pse
 .text.libgcc.mul
                0x0000291a       0x1e c:/program files (x86)/atmel/studio/7.0/toolchain/avr8/avr8-gnu-toolchain/bin/../lib/gcc/avr/5.4.0/avr51\libgcc.a(_mulsi3.o)
                0x0000291a                __mulsi3
 .text.libgcc.div
                0x00002938       0x44 c:/program files (x86)/atmel/studio/7.0/toolchain/avr8/avr8-gnu-toolchain/bin/../lib/gcc/avr/5.4.0/avr51\libgcc.a(_udivmodsi4.o)
                0x00002938                __udivmodsi4
 .text.libgcc.div
                0x0000297c       0x28 c:/program files (x86)/atmel/studio/7.0/toolchain/avr8/avr8-gnu-toolchain/bin/../lib/gcc/avr/5.4.0/avr51\libgcc.a(_divmodsi4.o)
                0x0000297c                __divmodsi4
 .text.libgcc.div
                0x000029a4       0x10 c:/program files (x86)/atmel/studio/7.0/toolchain/avr8/avr8-gnu-toolchain/bin/../lib/gcc/avr/5.4.0/avr51\libgcc.a(_negsi2.o)
                0x000029a4                __negsi2
 .text.libgcc   0x000029b4       0x12 c:/program files (x86)/atmel/studio/7.0/toolchain/avr8/avr8-gnu-toolchain/bin/../lib/gcc/avr/5.4.0/avr51\libgcc.a(_tablejump2.o)
                0x000029b4                __tablejump2__
 .text.libgcc.mul
                0x000029c6       0x1e c:/program files (x86)/atmel/studio/7.0/toolchain/avr8/avr8-gnu-toolchain/bin/../lib/gcc/avr/5.4.0/avr51\libgcc.a(_umulhisi3.o)
                0x000029c6                __umulhisi3
 .text.libgcc.mul
                0x000029e4        0xc c:/program files (x86)/atmel/studio/7.0/toolchain/avr8/avr8-gnu-toolchain/bin/../lib/gcc/avr/5.4.0/avr51\libgcc.a(_usmulhisi3.o)
                0x000029e4                __usmulhisi3
                0x000029e6                __usmulhisi3_tail
 .text.libgcc.mul
                0x000029f0       0x14 c:/program files (x86)/atmel/studio/7.0/toolchain/avr8/avr8-gnu-toolchain/bin/../lib/gcc/avr/5.4.0/avr51\libgcc.a(_muluhisi3.o)
                0x000029f0                __muluhisi3
 .text.avr-libc
                0x00002a04       0x26 c:/program files (x86)/atmel/studio/7.0/toolchain/avr8/avr8-gnu-toolchain/bin/../lib/gcc/avr/5.4.0/../../../../avr/lib/avr51\libc.a(printf.o)
                0x00002a04                printf
 .text.avr-libc
                0x00002a2a      0x3fa c:/program files (x86)/atmel/studio/7.0/toolchain/avr8/avr8-gnu-toolchain/bin/../lib/gcc/avr/5.4.0/../../../../avr/lib/avr51\libc.a(vfprintf_std.o)
                0x00002a2a                vfprintf
 .text.avr-libc
                0x00002e24       0x16 c:/program files (x86)/atmel/studio/7.0/toolchain/avr8/avr8-gnu-toolchain/bin/../lib/gcc/avr/5.4.0/../../../../avr/lib/avr51\libc.a(strnlen_P.o)
                0x00002e24                strnlen_P
 .text.avr-libc
                0x00002e3a       0x16 c:/program files (x86)/atmel/studio/7.0/toolchain/avr8/avr8-gnu-toolchain/bin/../lib/gcc/avr/5.4.0/../../../../avr/lib/avr51\libc.a(strnlen.o)
                0x00002e3a                strnlen
 .text.avr-libc
                0x00002e50       0x78 c:/program files (x86)/atmel/studio/7.0/toolchain/avr8/avr8-gnu-toolchain/bin/../lib/gcc/avr/5.4.0/../../../../avr/lib/avr51\libc.a(fputc.o)
                0x00002e50                fputc
 .text.avr-libc
                0x00002ec8       0xbc c:/program files (x86)/atmel/studio/7.0/toolchain/avr8/avr8-gnu-toolchain/bin/../lib/gcc/avr/5.4.0/../../../../avr/lib/avr51\libc.a(ultoa_invert.o)
                0x00002ec8                __ultoa_invert
                0x00002f84                . = ALIGN (0x2)
 *(.fini9)
 .fini9         0x00002f84        0x0 c:/program files (x86)/atmel/studio/7.0/toolchain/avr8/avr8-gnu-toolchain/bin/../lib/gcc/avr/5.4.0/avr51\libgcc.a(_exit.o)
                0x00002f84                _exit
                0x00002f84                exit
 *(.fini9)
 *(.fini8)
 *(.fini8)
 *(.fini7)
 *(.fini7)
 *(.fini6)
 *(.fini6)
 *(.fini5)
 *(.fini5)
 *(.fini4)
 *(.fini4)
 *(.fini3)
 *(.fini3)
 *(.fini2)
 *(.fini2)
 *(.fini1)
 *(.fini1)
 *(.fini0)
 .fini0         0x00002f84        0x4 c:/program files (x86)/atmel/studio/7.0/toolchain/avr8/avr8-gnu-toolchain/bin/../lib/gcc/avr/5.4.0/avr51\libgcc.a(_exit.o)
 *(.fini0)
                0x00002f88                _etext = .

.data           0x00800200       0x28 load address 0x00002f88
                0x00800200                PROVIDE (__data_start, .)
 *(.data)
 *(.data*)
 *(.gnu.linkonce.d*)
 *(.rodata)
 *(.rodata*)
 .rodata.str1.1
                0x00800200        0xc i2c/i2c.o
 .rodata._ZTV3LCD
                0x0080020c        0xe i2c/LCD.o
                0x0080020c                _ZTV3LCD
 .rodata._ZTV17LiquidCrystal_I2C
                0x0080021a        0xe i2c/LiquidCrystal_I2C.o
                0x0080021a                _ZTV17LiquidCrystal_I2C
 *(.gnu.linkonce.r*)
                0x00800228                . = ALIGN (0x2)
                0x00800228                _edata = .
                0x00800228                PROVIDE (__data_end, .)

.bss            0x00800228      0x71b
                0x00800228                PROVIDE (__bss_start, .)
 *(.bss)
 *(.bss*)
 .bss._ZL19conversion_complete
                0x00800228        0x1 analog_input/analog_input.o
 .bss._ZL19TransmitPeriodTimer
                0x00800229        0xc communications/communications.o
 .bss.CONNECTED_TIME
                0x00800235        0xc communications/communications.o
                0x00800235                CONNECTED_TIME
 .bss.ROBOT_CONNECTED_TIMEOUT
                0x00800241        0xc communications/communications.o
                0x00800241                ROBOT_CONNECTED_TIMEOUT
 .bss.ROBOT_PING_TIMER
                0x0080024d        0xc communications/communications.o
                0x0080024d                ROBOT_PING_TIMER
 .bss.MACRO_RE_SEND_TIMER
                0x00800259        0xc communications/communications.o
                0x00800259                MACRO_RE_SEND_TIMER
 .bss._ZL5error
                0x00800265        0x1 digital_io/digital_pin.o
 .bss.PollInputs
                0x00800266        0xc high_level_io/input_handler.o
                0x00800266                PollInputs
 .bss.RESET_TIMER
                0x00800272        0xc high_level_io/input_handler.o
                0x00800272                RESET_TIMER
 .bss.blinkTimer
                0x0080027e        0xc high_level_io/output_handler.o
                0x0080027e                blinkTimer
 .bss.UpdateTimer
                0x0080028a        0xc high_level_io/output_handler.o
                0x0080028a                UpdateTimer
 .bss.lcd       0x00800296       0x16 high_level_io/output_handler.o
                0x00800296                lcd
 .bss.RsevenSeg
                0x008002ac       0x48 high_level_io/output_handler.o
                0x008002ac                RsevenSeg
 .bss.LsevenSeg
                0x008002f4       0x48 high_level_io/output_handler.o
                0x008002f4                LsevenSeg
 .bss.Wire      0x0080033c       0x16 i2c/I2CIO.o
                0x0080033c                Wire
 .bss._ZL9variables
                0x00800352      0x300 memory/memory.o
 .bss._ZL10ClockTimer
                0x00800652        0x1 timer/Clock.o
 .bss._ZL9max_count
                0x00800653        0x4 timer/SimpleTimer0.o
 .bss._ZL5count
                0x00800657        0x4 timer/SimpleTimer0.o
 .bss._ZL9max_count
                0x0080065b        0x4 timer/SimpleTimer1.o
 .bss._ZL11GlobalCount
                0x0080065f        0x4 timer/SimpleTimer1.o
 .bss._ZL5count
                0x00800663        0x4 timer/SimpleTimer1.o
 .bss._ZL2cs    0x00800667        0x1 timer/timer.o
 .bss._ZL18last_receive_error
                0x00800668        0x1 uart/uart_0.o
 .bss._ZL12receive_tail
                0x00800669        0x1 uart/uart_0.o
 .bss._ZL12receive_head
                0x0080066a        0x1 uart/uart_0.o
 .bss._ZL14receive_buffer
                0x0080066b       0x20 uart/uart_0.o
 .bss._ZL13transmit_tail
                0x0080068b        0x1 uart/uart_0.o
 .bss._ZL13transmit_head
                0x0080068c        0x1 uart/uart_0.o
 .bss._ZL15transmit_buffer
                0x0080068d       0x20 uart/uart_0.o
 .bss._ZL18last_receive_error
                0x008006ad        0x1 uart/uart_1.o
 .bss._ZL12receive_tail
                0x008006ae        0x1 uart/uart_1.o
 .bss._ZL12receive_head
                0x008006af        0x1 uart/uart_1.o
 .bss._ZL14receive_buffer
                0x008006b0      0x100 uart/uart_1.o
 .bss._ZL13transmit_tail
                0x008007b0        0x1 uart/uart_1.o
 .bss._ZL13transmit_head
                0x008007b1        0x1 uart/uart_1.o
 .bss._ZL15transmit_buffer
                0x008007b2      0x100 uart/uart_1.o
 .bss._ZL18last_receive_error
                0x008008b2        0x1 uart/uart_2.o
 .bss._ZL12receive_tail
                0x008008b3        0x1 uart/uart_2.o
 .bss._ZL12receive_head
                0x008008b4        0x1 uart/uart_2.o
 .bss._ZL14receive_buffer
                0x008008b5       0x20 uart/uart_2.o
 .bss._ZL13transmit_tail
                0x008008d5        0x1 uart/uart_2.o
 .bss._ZL13transmit_head
                0x008008d6        0x1 uart/uart_2.o
 .bss._ZL15transmit_buffer
                0x008008d7       0x20 uart/uart_2.o
 .bss._ZL18last_receive_error
                0x008008f7        0x1 uart/uart_3.o
 .bss._ZL13receive_count
                0x008008f8        0x1 uart/uart_3.o
 .bss._ZL12receive_tail
                0x008008f9        0x1 uart/uart_3.o
 .bss._ZL12receive_head
                0x008008fa        0x1 uart/uart_3.o
 .bss._ZL14receive_buffer
                0x008008fb       0x20 uart/uart_3.o
 .bss._ZL13transmit_tail
                0x0080091b        0x1 uart/uart_3.o
 .bss._ZL13transmit_head
                0x0080091c        0x1 uart/uart_3.o
 .bss._ZL15transmit_buffer
                0x0080091d       0x20 uart/uart_3.o
 *(COMMON)
 COMMON         0x0080093d        0x6 c:/program files (x86)/atmel/studio/7.0/toolchain/avr8/avr8-gnu-toolchain/bin/../lib/gcc/avr/5.4.0/../../../../avr/lib/avr51\libc.a(iob.o)
                0x0080093d                __iob
                0x00800943                PROVIDE (__bss_end, .)
                0x00002f88                __data_load_start = LOADADDR (.data)
                0x00002fb0                __data_load_end = (__data_load_start + SIZEOF (.data))

.noinit         0x00800943        0x0
                [!provide]                PROVIDE (__noinit_start, .)
 *(.noinit*)
                [!provide]                PROVIDE (__noinit_end, .)
                0x00800943                _end = .
                0x00800943                PROVIDE (__heap_start, .)

.eeprom         0x00810000        0x0
 *(.eeprom*)
                0x00810000                __eeprom_end = .

.fuse
 *(.fuse)
 *(.lfuse)
 *(.hfuse)
 *(.efuse)

.lock
 *(.lock*)

.signature
 *(.signature*)

.user_signatures
 *(.user_signatures*)

.stab
 *(.stab)

.stabstr
 *(.stabstr)

.stab.excl
 *(.stab.excl)

.stab.exclstr
 *(.stab.exclstr)

.stab.index
 *(.stab.index)

.stab.indexstr
 *(.stab.indexstr)

.comment        0x00000000       0x5c
 *(.comment)
 .comment       0x00000000       0x30 analog_input/analog_input.o
                                 0x31 (size before relaxing)
 .comment       0x00000030       0x31 communications/communications.o
 .comment       0x00000030       0x31 communications/message_queue.o
 .comment       0x00000030       0x31 communications/parser.o
 .comment       0x00000030       0x31 ControlBoxEngine.o
 .comment       0x00000030       0x31 digital_io/digital_pin.o
 .comment       0x00000030       0x31 digital_io/expander.o
 .comment       0x00000030       0x31 digital_io/expander_pin.o
 .comment       0x00000030       0x31 high_level_io/input_handler.o
 .comment       0x00000030       0x31 high_level_io/output_handler.o
 .comment       0x00000030       0x31 i2c/i2c.o
 .comment       0x00000030       0x31 i2c/I2CIO.o
 .comment       0x00000030       0x31 i2c/LCD.o
 .comment       0x00000030       0x31 i2c/LiquidCrystal_I2C.o
 .comment       0x00000030       0x31 i2c/SevenSegment.o
 .comment       0x00000030       0x31 main.o
 .comment       0x00000030       0x31 memory/memory.o
 .comment       0x00000030       0x31 timer/Clock.o
 .comment       0x00000030       0x31 timer/SimpleTimer0.o
 .comment       0x00000030       0x31 timer/SimpleTimer1.o
 .comment       0x00000030       0x31 timer/timer.o
 .comment       0x00000030       0x31 uart/uart_0.o
 .comment       0x00000030       0x31 uart/uart_1.o
 .comment       0x00000030       0x31 uart/uart_2.o
 .comment       0x00000030       0x31 uart/uart_3.o
 .comment       0x00000030       0x31 c:/program files (x86)/atmel/studio/7.0/toolchain/avr8/avr8-gnu-toolchain/bin/../lib/gcc/avr/5.4.0/../../../../avr/lib/avr51\libc.a(iob.o)
 .comment       0x00000030       0x31 c:/program files (x86)/atmel/studio/7.0/toolchain/avr8/avr8-gnu-toolchain/bin/../lib/gcc/avr/5.4.0/../../../../avr/lib/avr51\libc.a(printf.o)
 .comment       0x00000030       0x2c c:/program files (x86)/atmel/studio/7.0/toolchain/avr8/avr8-gnu-toolchain/bin/../lib/gcc/avr/5.4.0/../../../../avr/lib/avr51\libc.a(vfprintf_std.o)
                                 0x2d (size before relaxing)
 .comment       0x0000005c       0x31 c:/program files (x86)/atmel/studio/7.0/toolchain/avr8/avr8-gnu-toolchain/bin/../lib/gcc/avr/5.4.0/../../../../avr/lib/avr51\libc.a(fputc.o)

.note.gnu.avr.deviceinfo
                0x00000000       0x40
 .note.gnu.avr.deviceinfo
                0x00000000       0x40 C:/Program Files (x86)/Atmel/Studio/7.0/Packs/atmel/ATmega_DFP/1.1.130/gcc/dev/atmega1280/avr51/crtatmega1280.o

.note.gnu.build-id
 *(.note.gnu.build-id)

.debug
 *(.debug)

.line
 *(.line)

.debug_srcinfo
 *(.debug_srcinfo)

.debug_sfnames
 *(.debug_sfnames)

.debug_aranges  0x00000000      0xb00
 *(.debug_aranges)
 .debug_aranges
                0x00000000       0x60 analog_input/analog_input.o
 .debug_aranges
                0x00000060      0x100 communications/communications.o
 .debug_aranges
                0x00000160       0x48 communications/message_queue.o
 .debug_aranges
                0x000001a8       0x68 communications/parser.o
 .debug_aranges
                0x00000210       0x28 ControlBoxEngine.o
 .debug_aranges
                0x00000238       0x58 digital_io/digital_pin.o
 .debug_aranges
                0x00000290       0x30 digital_io/expander.o
 .debug_aranges
                0x000002c0       0x38 digital_io/expander_pin.o
 .debug_aranges
                0x000002f8       0x78 high_level_io/input_handler.o
 .debug_aranges
                0x00000370       0x78 high_level_io/output_handler.o
 .debug_aranges
                0x000003e8       0xa8 i2c/i2c.o
 .debug_aranges
                0x00000490       0x58 i2c/I2CIO.o
 .debug_aranges
                0x000004e8      0x110 i2c/LCD.o
 .debug_aranges
                0x000005f8       0x88 i2c/LiquidCrystal_I2C.o
 .debug_aranges
                0x00000680      0x108 i2c/SevenSegment.o
 .debug_aranges
                0x00000788       0x20 main.o
 .debug_aranges
                0x000007a8       0x48 memory/memory.o
 .debug_aranges
                0x000007f0       0x70 timer/Clock.o
 .debug_aranges
                0x00000860       0x58 timer/SimpleTimer0.o
 .debug_aranges
                0x000008b8       0x60 timer/SimpleTimer1.o
 .debug_aranges
                0x00000918       0xb0 timer/timer.o
 .debug_aranges
                0x000009c8       0x48 uart/uart_0.o
 .debug_aranges
                0x00000a10       0x48 uart/uart_1.o
 .debug_aranges
                0x00000a58       0x50 uart/uart_2.o
 .debug_aranges
                0x00000aa8       0x58 uart/uart_3.o

.debug_pubnames
 *(.debug_pubnames)

.debug_info     0x00000000    0x138f2
 *(.debug_info .gnu.linkonce.wi.*)
 .debug_info    0x00000000      0xbbc C:/Program Files (x86)/Atmel/Studio/7.0/Packs/atmel/ATmega_DFP/1.1.130/gcc/dev/atmega1280/avr51/crtatmega1280.o
 .debug_info    0x00000bbc      0x42f analog_input/analog_input.o
 .debug_info    0x00000feb     0x2683 communications/communications.o
 .debug_info    0x0000366e      0x372 communications/message_queue.o
 .debug_info    0x000039e0      0x5dc communications/parser.o
 .debug_info    0x00003fbc     0x1689 ControlBoxEngine.o
 .debug_info    0x00005645      0x6b4 digital_io/digital_pin.o
 .debug_info    0x00005cf9      0x5ac digital_io/expander.o
 .debug_info    0x000062a5      0x7c7 digital_io/expander_pin.o
 .debug_info    0x00006a6c     0x187c high_level_io/input_handler.o
 .debug_info    0x000082e8     0x26b1 high_level_io/output_handler.o
 .debug_info    0x0000a999      0xbd6 i2c/i2c.o
 .debug_info    0x0000b56f      0x819 i2c/I2CIO.o
 .debug_info    0x0000bd88     0x14b0 i2c/LCD.o
 .debug_info    0x0000d238     0x11b9 i2c/LiquidCrystal_I2C.o
 .debug_info    0x0000e3f1     0x18c1 i2c/SevenSegment.o
 .debug_info    0x0000fcb2     0x174d main.o
 .debug_info    0x000113ff      0x311 memory/memory.o
 .debug_info    0x00011710      0x7e4 timer/Clock.o
 .debug_info    0x00011ef4      0x460 timer/SimpleTimer0.o
 .debug_info    0x00012354      0x475 timer/SimpleTimer1.o
 .debug_info    0x000127c9      0x43b timer/timer.o
 .debug_info    0x00012c04      0x292 uart/uart_0.o
 .debug_info    0x00012e96      0x292 uart/uart_1.o
 .debug_info    0x00013128      0x415 uart/uart_2.o
 .debug_info    0x0001353d      0x3b5 uart/uart_3.o

.debug_abbrev   0x00000000     0x49ef
 *(.debug_abbrev)
 .debug_abbrev  0x00000000      0xb1a C:/Program Files (x86)/Atmel/Studio/7.0/Packs/atmel/ATmega_DFP/1.1.130/gcc/dev/atmega1280/avr51/crtatmega1280.o
 .debug_abbrev  0x00000b1a      0x1f7 analog_input/analog_input.o
 .debug_abbrev  0x00000d11      0x537 communications/communications.o
 .debug_abbrev  0x00001248      0x1e3 communications/message_queue.o
 .debug_abbrev  0x0000142b      0x261 communications/parser.o
 .debug_abbrev  0x0000168c      0x30d ControlBoxEngine.o
 .debug_abbrev  0x00001999      0x22a digital_io/digital_pin.o
 .debug_abbrev  0x00001bc3      0x1fc digital_io/expander.o
 .debug_abbrev  0x00001dbf      0x201 digital_io/expander_pin.o
 .debug_abbrev  0x00001fc0      0x2d8 high_level_io/input_handler.o
 .debug_abbrev  0x00002298      0x428 high_level_io/output_handler.o
 .debug_abbrev  0x000026c0      0x34e i2c/i2c.o
 .debug_abbrev  0x00002a0e      0x24f i2c/I2CIO.o
 .debug_abbrev  0x00002c5d      0x3d9 i2c/LCD.o
 .debug_abbrev  0x00003036      0x312 i2c/LiquidCrystal_I2C.o
 .debug_abbrev  0x00003348      0x3b1 i2c/SevenSegment.o
 .debug_abbrev  0x000036f9      0x3ae main.o
 .debug_abbrev  0x00003aa7      0x1e9 memory/memory.o
 .debug_abbrev  0x00003c90      0x252 timer/Clock.o
 .debug_abbrev  0x00003ee2      0x1fe timer/SimpleTimer0.o
 .debug_abbrev  0x000040e0      0x1ec timer/SimpleTimer1.o
 .debug_abbrev  0x000042cc      0x141 timer/timer.o
 .debug_abbrev  0x0000440d      0x114 uart/uart_0.o
 .debug_abbrev  0x00004521      0x114 uart/uart_1.o
 .debug_abbrev  0x00004635      0x1f6 uart/uart_2.o
 .debug_abbrev  0x0000482b      0x1c4 uart/uart_3.o

.debug_line     0x00000000     0x59da
 *(.debug_line .debug_line.* .debug_line_end)
 .debug_line    0x00000000      0x1ed C:/Program Files (x86)/Atmel/Studio/7.0/Packs/atmel/ATmega_DFP/1.1.130/gcc/dev/atmega1280/avr51/crtatmega1280.o
 .debug_line    0x000001ed      0x1f9 analog_input/analog_input.o
 .debug_line    0x000003e6      0xa5f communications/communications.o
 .debug_line    0x00000e45      0x1af communications/message_queue.o
 .debug_line    0x00000ff4      0x279 communications/parser.o
 .debug_line    0x0000126d      0x2e5 ControlBoxEngine.o
 .debug_line    0x00001552      0x2e2 digital_io/digital_pin.o
 .debug_line    0x00001834      0x146 digital_io/expander.o
 .debug_line    0x0000197a      0x1cb digital_io/expander_pin.o
 .debug_line    0x00001b45      0x4c8 high_level_io/input_handler.o
 .debug_line    0x0000200d      0x7d9 high_level_io/output_handler.o
 .debug_line    0x000027e6      0x62e i2c/i2c.o
 .debug_line    0x00002e14      0x1ef i2c/I2CIO.o
 .debug_line    0x00003003      0x687 i2c/LCD.o
 .debug_line    0x0000368a      0x4f0 i2c/LiquidCrystal_I2C.o
 .debug_line    0x00003b7a      0x6e7 i2c/SevenSegment.o
 .debug_line    0x00004261      0x303 main.o
 .debug_line    0x00004564      0x1c6 memory/memory.o
 .debug_line    0x0000472a      0x2e9 timer/Clock.o
 .debug_line    0x00004a13      0x1dc timer/SimpleTimer0.o
 .debug_line    0x00004bef      0x1e1 timer/SimpleTimer1.o
 .debug_line    0x00004dd0      0x37d timer/timer.o
 .debug_line    0x0000514d      0x1f2 uart/uart_0.o
 .debug_line    0x0000533f      0x1f2 uart/uart_1.o
 .debug_line    0x00005531      0x240 uart/uart_2.o
 .debug_line    0x00005771      0x269 uart/uart_3.o

.debug_frame    0x00000000     0x2048
 *(.debug_frame)
 .debug_frame   0x00000000       0xd8 analog_input/analog_input.o
 .debug_frame   0x000000d8      0x4c8 communications/communications.o
 .debug_frame   0x000005a0       0x80 communications/message_queue.o
 .debug_frame   0x00000620       0xe0 communications/parser.o
 .debug_frame   0x00000700       0x40 ControlBoxEngine.o
 .debug_frame   0x00000740       0xbc digital_io/digital_pin.o
 .debug_frame   0x000007fc       0x84 digital_io/expander.o
 .debug_frame   0x00000880       0x88 digital_io/expander_pin.o
 .debug_frame   0x00000908      0x174 high_level_io/input_handler.o
 .debug_frame   0x00000a7c      0x290 high_level_io/output_handler.o
 .debug_frame   0x00000d0c      0x1e4 i2c/i2c.o
 .debug_frame   0x00000ef0       0xcc i2c/I2CIO.o
 .debug_frame   0x00000fbc      0x2b0 i2c/LCD.o
 .debug_frame   0x0000126c      0x270 i2c/LiquidCrystal_I2C.o
 .debug_frame   0x000014dc      0x304 i2c/SevenSegment.o
 .debug_frame   0x000017e0       0x38 main.o
 .debug_frame   0x00001818       0x74 memory/memory.o
 .debug_frame   0x0000188c      0x14c timer/Clock.o
 .debug_frame   0x000019d8       0xe8 timer/SimpleTimer0.o
 .debug_frame   0x00001ac0       0xf8 timer/SimpleTimer1.o
 .debug_frame   0x00001bb8      0x150 timer/timer.o
 .debug_frame   0x00001d08       0xc4 uart/uart_0.o
 .debug_frame   0x00001dcc       0xc4 uart/uart_1.o
 .debug_frame   0x00001e90       0xd4 uart/uart_2.o
 .debug_frame   0x00001f64       0xe4 uart/uart_3.o

.debug_str      0x00000000     0x45d1
 *(.debug_str)
 .debug_str     0x00000000      0x3e6 C:/Program Files (x86)/Atmel/Studio/7.0/Packs/atmel/ATmega_DFP/1.1.130/gcc/dev/atmega1280/avr51/crtatmega1280.o
 .debug_str     0x000003e6      0x3d2 analog_input/analog_input.o
                                0x443 (size before relaxing)
 .debug_str     0x000007b8      0xf31 communications/communications.o
                               0x116a (size before relaxing)
 .debug_str     0x000016e9       0x3a communications/message_queue.o
                                0x309 (size before relaxing)
 .debug_str     0x00001723       0x51 communications/parser.o
                                0x438 (size before relaxing)
 .debug_str     0x00001774      0x88c ControlBoxEngine.o
                               0x19cf (size before relaxing)
 .debug_str     0x00002000       0xaf digital_io/digital_pin.o
                                0x397 (size before relaxing)
 .debug_str     0x000020af       0x24 digital_io/expander.o
                                0x554 (size before relaxing)
 .debug_str     0x000020d3       0x39 digital_io/expander_pin.o
                                0x686 (size before relaxing)
 .debug_str     0x0000210c       0x49 high_level_io/input_handler.o
                                0xf41 (size before relaxing)
 .debug_str     0x00002155      0xb76 high_level_io/output_handler.o
                               0x16c3 (size before relaxing)
 .debug_str     0x00002ccb       0xab i2c/i2c.o
                                0x5b7 (size before relaxing)
 .debug_str     0x00002d76      0x16a i2c/I2CIO.o
                                0x639 (size before relaxing)
 .debug_str     0x00002ee0      0x43a i2c/LCD.o
                                0x6fc (size before relaxing)
 .debug_str     0x0000331a      0x332 i2c/LiquidCrystal_I2C.o
                                0x762 (size before relaxing)
 .debug_str     0x0000364c       0xd6 i2c/SevenSegment.o
                                0xb07 (size before relaxing)
 .debug_str     0x00003722       0x45 main.o
                               0x1a3e (size before relaxing)
 .debug_str     0x00003767       0x4d memory/memory.o
                                0x2cf (size before relaxing)
 .debug_str     0x000037b4      0x15a timer/Clock.o
                                0x503 (size before relaxing)
 .debug_str     0x0000390e      0x3a4 timer/SimpleTimer0.o
                                0x5ac (size before relaxing)
 .debug_str     0x00003cb2       0x6d timer/SimpleTimer1.o
                                0x351 (size before relaxing)
 .debug_str     0x00003d1f      0x497 timer/timer.o
                                0x90c (size before relaxing)
 .debug_str     0x000041b6      0x14a uart/uart_0.o
                                0x30e (size before relaxing)
 .debug_str     0x00004300       0x56 uart/uart_1.o
                                0x30e (size before relaxing)
 .debug_str     0x00004356      0x142 uart/uart_2.o
                                0x36e (size before relaxing)
 .debug_str     0x00004498      0x139 uart/uart_3.o
                                0x3bc (size before relaxing)

.debug_loc      0x00000000     0xa1ec
 *(.debug_loc)
 .debug_loc     0x00000000      0x27a analog_input/analog_input.o
 .debug_loc     0x0000027a     0x1eeb communications/communications.o
 .debug_loc     0x00002165      0x123 communications/message_queue.o
 .debug_loc     0x00002288      0x3f6 communications/parser.o
 .debug_loc     0x0000267e       0x8b ControlBoxEngine.o
 .debug_loc     0x00002709      0x812 digital_io/digital_pin.o
 .debug_loc     0x00002f1b      0x256 digital_io/expander.o
 .debug_loc     0x00003171      0x2eb digital_io/expander_pin.o
 .debug_loc     0x0000345c      0x58a high_level_io/input_handler.o
 .debug_loc     0x000039e6      0xb7c high_level_io/output_handler.o
 .debug_loc     0x00004562      0x812 i2c/i2c.o
 .debug_loc     0x00004d74      0x364 i2c/I2CIO.o
 .debug_loc     0x000050d8      0xe7c i2c/LCD.o
 .debug_loc     0x00005f54     0x139c i2c/LiquidCrystal_I2C.o
 .debug_loc     0x000072f0     0x1774 i2c/SevenSegment.o
 .debug_loc     0x00008a64       0xbc main.o
 .debug_loc     0x00008b20       0xc7 memory/memory.o
 .debug_loc     0x00008be7      0x446 timer/Clock.o
 .debug_loc     0x0000902d      0x248 timer/SimpleTimer0.o
 .debug_loc     0x00009275      0x27a timer/SimpleTimer1.o
 .debug_loc     0x000094ef      0x313 timer/timer.o
 .debug_loc     0x00009802      0x24e uart/uart_0.o
 .debug_loc     0x00009a50      0x24e uart/uart_1.o
 .debug_loc     0x00009c9e      0x2cc uart/uart_2.o
 .debug_loc     0x00009f6a      0x282 uart/uart_3.o

.debug_macinfo
 *(.debug_macinfo)

.debug_weaknames
 *(.debug_weaknames)

.debug_funcnames
 *(.debug_funcnames)

.debug_typenames
 *(.debug_typenames)

.debug_varnames
 *(.debug_varnames)

.debug_pubtypes
 *(.debug_pubtypes)

.debug_ranges   0x00000000      0xb28
 *(.debug_ranges)
 .debug_ranges  0x00000000       0x50 analog_input/analog_input.o
 .debug_ranges  0x00000050      0x1e0 communications/communications.o
 .debug_ranges  0x00000230       0x38 communications/message_queue.o
 .debug_ranges  0x00000268       0x88 communications/parser.o
 .debug_ranges  0x000002f0       0x18 ControlBoxEngine.o
 .debug_ranges  0x00000308       0x48 digital_io/digital_pin.o
 .debug_ranges  0x00000350       0x20 digital_io/expander.o
 .debug_ranges  0x00000370       0x28 digital_io/expander_pin.o
 .debug_ranges  0x00000398       0x68 high_level_io/input_handler.o
 .debug_ranges  0x00000400       0x68 high_level_io/output_handler.o
 .debug_ranges  0x00000468       0xe0 i2c/i2c.o
 .debug_ranges  0x00000548       0x48 i2c/I2CIO.o
 .debug_ranges  0x00000590      0x100 i2c/LCD.o
 .debug_ranges  0x00000690       0x78 i2c/LiquidCrystal_I2C.o
 .debug_ranges  0x00000708      0x148 i2c/SevenSegment.o
 .debug_ranges  0x00000850       0x10 main.o
 .debug_ranges  0x00000860       0x38 memory/memory.o
 .debug_ranges  0x00000898       0x60 timer/Clock.o
 .debug_ranges  0x000008f8       0x48 timer/SimpleTimer0.o
 .debug_ranges  0x00000940       0x50 timer/SimpleTimer1.o
 .debug_ranges  0x00000990       0xa0 timer/timer.o
 .debug_ranges  0x00000a30       0x38 uart/uart_0.o
 .debug_ranges  0x00000a68       0x38 uart/uart_1.o
 .debug_ranges  0x00000aa0       0x40 uart/uart_2.o
 .debug_ranges  0x00000ae0       0x48 uart/uart_3.o

.debug_macro
 *(.debug_macro)
OUTPUT(ControlBoxDriver.elf elf32-avr)
LOAD linker stubs
