Archive member included to satisfy reference by file (symbol)

c:/program files (x86)/atmel/studio/7.0/toolchain/avr8/avr8-gnu-toolchain/bin/../lib/gcc/avr/5.4.0/../../../../avr/lib/avr51\libm.a(addsf3.o)
                              communications/communications.o (__subsf3)
c:/program files (x86)/atmel/studio/7.0/toolchain/avr8/avr8-gnu-toolchain/bin/../lib/gcc/avr/5.4.0/../../../../avr/lib/avr51\libm.a(addsf3x.o)
                              c:/program files (x86)/atmel/studio/7.0/toolchain/avr8/avr8-gnu-toolchain/bin/../lib/gcc/avr/5.4.0/../../../../avr/lib/avr51\libm.a(addsf3.o) (__addsf3x)
c:/program files (x86)/atmel/studio/7.0/toolchain/avr8/avr8-gnu-toolchain/bin/../lib/gcc/avr/5.4.0/../../../../avr/lib/avr51\libm.a(cmpsf2.o)
                              i2c/SevenSegment.o (__ltsf2)
c:/program files (x86)/atmel/studio/7.0/toolchain/avr8/avr8-gnu-toolchain/bin/../lib/gcc/avr/5.4.0/../../../../avr/lib/avr51\libm.a(divsf3.o)
                              i2c/SevenSegment.o (__divsf3)
c:/program files (x86)/atmel/studio/7.0/toolchain/avr8/avr8-gnu-toolchain/bin/../lib/gcc/avr/5.4.0/../../../../avr/lib/avr51\libm.a(divsf3x.o)
                              c:/program files (x86)/atmel/studio/7.0/toolchain/avr8/avr8-gnu-toolchain/bin/../lib/gcc/avr/5.4.0/../../../../avr/lib/avr51\libm.a(divsf3.o) (__divsf3x)
c:/program files (x86)/atmel/studio/7.0/toolchain/avr8/avr8-gnu-toolchain/bin/../lib/gcc/avr/5.4.0/../../../../avr/lib/avr51\libm.a(fixsfsi.o)
                              communications/communications.o (__fixsfsi)
c:/program files (x86)/atmel/studio/7.0/toolchain/avr8/avr8-gnu-toolchain/bin/../lib/gcc/avr/5.4.0/../../../../avr/lib/avr51\libm.a(fixunssfsi.o)
                              i2c/SevenSegment.o (__fixunssfsi)
c:/program files (x86)/atmel/studio/7.0/toolchain/avr8/avr8-gnu-toolchain/bin/../lib/gcc/avr/5.4.0/../../../../avr/lib/avr51\libm.a(floatsisf.o)
                              communications/communications.o (__floatsisf)
c:/program files (x86)/atmel/studio/7.0/toolchain/avr8/avr8-gnu-toolchain/bin/../lib/gcc/avr/5.4.0/../../../../avr/lib/avr51\libm.a(fp_cmp.o)
                              c:/program files (x86)/atmel/studio/7.0/toolchain/avr8/avr8-gnu-toolchain/bin/../lib/gcc/avr/5.4.0/../../../../avr/lib/avr51\libm.a(cmpsf2.o) (__fp_cmp)
c:/program files (x86)/atmel/studio/7.0/toolchain/avr8/avr8-gnu-toolchain/bin/../lib/gcc/avr/5.4.0/../../../../avr/lib/avr51\libm.a(fp_inf.o)
                              c:/program files (x86)/atmel/studio/7.0/toolchain/avr8/avr8-gnu-toolchain/bin/../lib/gcc/avr/5.4.0/../../../../avr/lib/avr51\libm.a(addsf3x.o) (__fp_inf)
c:/program files (x86)/atmel/studio/7.0/toolchain/avr8/avr8-gnu-toolchain/bin/../lib/gcc/avr/5.4.0/../../../../avr/lib/avr51\libm.a(fp_nan.o)
                              c:/program files (x86)/atmel/studio/7.0/toolchain/avr8/avr8-gnu-toolchain/bin/../lib/gcc/avr/5.4.0/../../../../avr/lib/avr51\libm.a(addsf3x.o) (__fp_nan)
c:/program files (x86)/atmel/studio/7.0/toolchain/avr8/avr8-gnu-toolchain/bin/../lib/gcc/avr/5.4.0/../../../../avr/lib/avr51\libm.a(fp_pscA.o)
                              c:/program files (x86)/atmel/studio/7.0/toolchain/avr8/avr8-gnu-toolchain/bin/../lib/gcc/avr/5.4.0/../../../../avr/lib/avr51\libm.a(addsf3x.o) (__fp_pscA)
c:/program files (x86)/atmel/studio/7.0/toolchain/avr8/avr8-gnu-toolchain/bin/../lib/gcc/avr/5.4.0/../../../../avr/lib/avr51\libm.a(fp_pscB.o)
                              c:/program files (x86)/atmel/studio/7.0/toolchain/avr8/avr8-gnu-toolchain/bin/../lib/gcc/avr/5.4.0/../../../../avr/lib/avr51\libm.a(addsf3x.o) (__fp_pscB)
c:/program files (x86)/atmel/studio/7.0/toolchain/avr8/avr8-gnu-toolchain/bin/../lib/gcc/avr/5.4.0/../../../../avr/lib/avr51\libm.a(fp_round.o)
                              c:/program files (x86)/atmel/studio/7.0/toolchain/avr8/avr8-gnu-toolchain/bin/../lib/gcc/avr/5.4.0/../../../../avr/lib/avr51\libm.a(addsf3.o) (__fp_round)
c:/program files (x86)/atmel/studio/7.0/toolchain/avr8/avr8-gnu-toolchain/bin/../lib/gcc/avr/5.4.0/../../../../avr/lib/avr51\libm.a(fp_split3.o)
                              c:/program files (x86)/atmel/studio/7.0/toolchain/avr8/avr8-gnu-toolchain/bin/../lib/gcc/avr/5.4.0/../../../../avr/lib/avr51\libm.a(addsf3x.o) (__fp_split3)
c:/program files (x86)/atmel/studio/7.0/toolchain/avr8/avr8-gnu-toolchain/bin/../lib/gcc/avr/5.4.0/../../../../avr/lib/avr51\libm.a(fp_zero.o)
                              c:/program files (x86)/atmel/studio/7.0/toolchain/avr8/avr8-gnu-toolchain/bin/../lib/gcc/avr/5.4.0/../../../../avr/lib/avr51\libm.a(addsf3x.o) (__fp_zero)
c:/program files (x86)/atmel/studio/7.0/toolchain/avr8/avr8-gnu-toolchain/bin/../lib/gcc/avr/5.4.0/../../../../avr/lib/avr51\libm.a(mulsf3.o)
                              communications/communications.o (__mulsf3)
c:/program files (x86)/atmel/studio/7.0/toolchain/avr8/avr8-gnu-toolchain/bin/../lib/gcc/avr/5.4.0/../../../../avr/lib/avr51\libm.a(mulsf3x.o)
[...]
Memory Configuration

Name             Origin             Length             Attributes
text             0x00000000         0x00020000         xr
data             0x00800100         0x0000ff00         rw !x
eeprom           0x00810000         0x00010000         rw !x
fuse             0x00820000         0x00000003         rw !x
lock             0x00830000         0x00000400         rw !x
signature        0x00840000         0x00000400         rw !x
user_signatures  0x00850000         0x00000400         rw !x
*default*        0x00000000         0xffffffff

Linker script and memory map

Address of section .data set to 0x800200
LOAD C:/Program Files (x86)/Atmel/Studio/7.0/Packs/atmel/ATmega_DFP/1.1.130/gcc/dev/atmega1280/avr51/crtatmega1280.o
LOAD analog_input/analog_input.o
LOAD communications/communications.o
LOAD communications/message_queue.o
LOAD communications/parser.o
LOAD communications/request.o
LOAD ControlBoxEngine.o
LOAD digital_io/digital_pin.o
LOAD digital_io/expander.o
LOAD digital_io/expander_pin.o
LOAD high_level_io/input_handler.o
LOAD high_level_io/output_handler.o
LOAD i2c/i2c.o
LOAD i2c/I2CIO.o
LOAD i2c/LCD.o
LOAD i2c/LiquidCrystal_I2C.o
LOAD i2c/SevenSegment.o
LOAD main.o
LOAD memory/memory.o
LOAD timer/Clock.o
LOAD timer/SimpleTimer0.o
LOAD timer/SimpleTimer1.o
LOAD timer/timer.o
LOAD uart/uart_0.o
LOAD uart/uart_1.o
LOAD uart/uart_2.o
LOAD uart/uart_3.o
START GROUP
LOAD c:/program files (x86)/atmel/studio/7.0/toolchain/avr8/avr8-gnu-toolchain/bin/../lib/gcc/avr/5.4.0/../../../../avr/lib/avr51\libm.a
END GROUP
LOAD c:/program files (x86)/atmel/studio/7.0/toolchain/avr8/avr8-gnu-toolchain/bin/../lib/gcc/avr/5.4.0/avr51\libgcc.a
LOAD c:/program files (x86)/atmel/studio/7.0/toolchain/avr8/avr8-gnu-toolchain/bin/../lib/gcc/avr/5.4.0/../../../../avr/lib/avr51\libm.a
START GROUP
LOAD c:/program files (x86)/atmel/studio/7.0/toolchain/avr8/avr8-gnu-toolchain/bin/../lib/gcc/avr/5.4.0/avr51\libgcc.a
LOAD c:/program files (x86)/atmel/studio/7.0/toolchain/avr8/avr8-gnu-toolchain/bin/../lib/gcc/avr/5.4.0/../../../../avr/lib/avr51\libm.a
LOAD c:/program files (x86)/atmel/studio/7.0/toolchain/avr8/avr8-gnu-toolchain/bin/../lib/gcc/avr/5.4.0/../../../../avr/lib/avr51\libc.a
LOAD C:/Program Files (x86)/Atmel/Studio/7.0/Packs/atmel/ATmega_DFP/1.1.130/gcc/dev/atmega1280/avr51\libatmega1280.a
END GROUP
                0x00000000                __TEXT_REGION_ORIGIN__ = DEFINED (__TEXT_REGION_ORIGIN__)?__TEXT_REGION_ORIGIN__:0x0
                0x00800100                __DATA_REGION_ORIGIN__ = DEFINED (__DATA_REGION_ORIGIN__)?__DATA_REGION_ORIGIN__:0x800100
                0x00020000                __TEXT_REGION_LENGTH__ = DEFINED (__TEXT_REGION_LENGTH__)?__TEXT_REGION_LENGTH__:0x20000
                0x0000ff00                __DATA_REGION_LENGTH__ = DEFINED (__DATA_REGION_LENGTH__)?__DATA_REGION_LENGTH__:0xff00
                0x00010000                __EEPROM_REGION_LENGTH__ = DEFINED (__EEPROM_REGION_LENGTH__)?__EEPROM_REGION_LENGTH__:0x10000
                [0x00000003]                __FUSE_REGION_LENGTH__ = DEFINED (__FUSE_REGION_LENGTH__)?__FUSE_REGION_LENGTH__:0x400
                0x00000400                __LOCK_REGION_LENGTH__ = DEFINED (__LOCK_REGION_LENGTH__)?__LOCK_REGION_LENGTH__:0x400
                0x00000400                __SIGNATURE_REGION_LENGTH__ = DEFINED (__SIGNATURE_REGION_LENGTH__)?__SIGNATURE_REGION_LENGTH__:0x400
                0x00000400                __USER_SIGNATURE_REGION_LENGTH__ = DEFINED (__USER_SIGNATURE_REGION_LENGTH__)?__USER_SIGNATURE_REGION_LENGTH__:0x400

.hash
 *(.hash)

.dynsym
 *(.dynsym)

.dynstr
 *(.dynstr)

.gnu.version
 *(.gnu.version)

.gnu.version_d
 *(.gnu.version_d)

.gnu.version_r
 *(.gnu.version_r)

.rel.init
 *(.rel.init)

.rela.init
 *(.rela.init)

.rel.text
 *(.rel.text)
 *(.rel.text.*)
 *(.rel.gnu.linkonce.t*)

.rela.text
 *(.rela.text)
 *(.rela.text.*)
 *(.rela.gnu.linkonce.t*)

.rel.fini
 *(.rel.fini)

.rela.fini
 *(.rela.fini)

.rel.rodata
 *(.rel.rodata)
 *(.rel.rodata.*)
 *(.rel.gnu.linkonce.r*)

.rela.rodata
 *(.rela.rodata)
 *(.rela.rodata.*)
 *(.rela.gnu.linkonce.r*)

.rel.data
 *(.rel.data)
 *(.rel.data.*)
 *(.rel.gnu.linkonce.d*)

.rela.data
 *(.rela.data)
 *(.rela.data.*)
 *(.rela.gnu.linkonce.d*)

.rel.ctors
 *(.rel.ctors)

.rela.ctors
 *(.rela.ctors)

.rel.dtors
 *(.rel.dtors)

.rela.dtors
 *(.rela.dtors)

.rel.got
 *(.rel.got)

.rela.got
 *(.rela.got)

.rel.bss
 *(.rel.bss)

.rela.bss
 *(.rela.bss)

.rel.plt
 *(.rel.plt)

.rela.plt
 *(.rela.plt)

.text           0x00000000     0x2968
 *(.vectors)
 .vectors       0x00000000       0xe4 C:/Program Files (x86)/Atmel/Studio/7.0/Packs/atmel/ATmega_DFP/1.1.130/gcc/dev/atmega1280/avr51/crtatmega1280.o
                0x00000000                __vector_default
                0x00000000                __vectors
 *(.vectors)
 *(.progmem.gcc*)
 .progmem.gcc_sw_table._ZL12DDR_REGISTER4Port
                0x000000e4       0x16 digital_io/digital_pin.o
 .progmem.gcc_sw_table._ZL13PORT_REGISTER4Port
                0x000000fa       0x16 digital_io/digital_pin.o
 .progmem.gcc_sw_table._ZN10DigitalPin4readEv
                0x00000110       0x16 digital_io/digital_pin.o
 .progmem.gcc_sw_table._ZN3I2C5writeEPhh
                0x00000126       0x10 i2c/i2c.o
 .progmem.gcc_sw_table._ZN3I2C4readEPhh
                0x00000136       0x10 i2c/i2c.o
 .progmem.gcc_sw_table._Z21timer0_setClockSource12CLOCK_SOURCE
                0x00000146       0x10 timer/timer.o
                0x00000156                . = ALIGN (0x2)
                0x00000156                __trampolines_start = .
 *(.trampolines)
 .trampolines   0x00000156        0x0 linker stubs
 *(.trampolines*)
                0x00000156                __trampolines_end = .
 *libprintf_flt.a:*(.progmem.data)
 *libc.a:*(.progmem.data)
 *(.progmem*)
                0x00000156                . = ALIGN (0x2)
 *(.jumptables)
 *(.jumptables*)
 *(.lowtext)
 *(.lowtext*)
                0x00000156                __ctors_start = .
 *(.ctors)
 .ctors         0x00000156        0x2 communications/communications.o
 .ctors         0x00000158        0x2 high_level_io/input_handler.o
 .ctors         0x0000015a        0x2 high_level_io/output_handler.o
 .ctors         0x0000015c        0x2 timer/Clock.o
                0x0000015e                __ctors_end = .
                0x0000015e                __dtors_start = .
 *(.dtors)
                0x0000015e                __dtors_end = .
 SORT(*)(.ctors)
 SORT(*)(.dtors)
 *(.init0)
 .init0         0x0000015e        0x0 C:/Program Files (x86)/Atmel/Studio/7.0/Packs/atmel/ATmega_DFP/1.1.130/gcc/dev/atmega1280/avr51/crtatmega1280.o
                0x0000015e                __init
 *(.init0)
 *(.init1)
 *(.init1)
 *(.init2)
 .init2         0x0000015e        0xc C:/Program Files (x86)/Atmel/Studio/7.0/Packs/atmel/ATmega_DFP/1.1.130/gcc/dev/atmega1280/avr51/crtatmega1280.o
 *(.init2)
 *(.init3)
 *(.init3)
 *(.init4)
 .init4         0x0000016a       0x1a c:/program files (x86)/atmel/studio/7.0/toolchain/avr8/avr8-gnu-toolchain/bin/../lib/gcc/avr/5.4.0/avr51\libgcc.a(_copy_data.o)
                0x0000016a                __do_copy_data
 .init4         0x00000184       0x10 c:/program files (x86)/atmel/studio/7.0/toolchain/avr8/avr8-gnu-toolchain/bin/../lib/gcc/avr/5.4.0/avr51\libgcc.a(_clear_bss.o)
                0x00000184                __do_clear_bss
 *(.init4)
 *(.init5)
 *(.init5)
 *(.init6)
 .init6         0x00000194       0x16 c:/program files (x86)/atmel/studio/7.0/toolchain/avr8/avr8-gnu-toolchain/bin/../lib/gcc/avr/5.4.0/avr51\libgcc.a(_ctors.o)
                0x00000194                __do_global_ctors
 *(.init6)
 *(.init7)
 *(.init7)
 *(.init8)
 *(.init8)
 *(.init9)
 .init9         0x000001aa        0x8 C:/Program Files (x86)/Atmel/Studio/7.0/Packs/atmel/ATmega_DFP/1.1.130/gcc/dev/atmega1280/avr51/crtatmega1280.o
 *(.init9)
 *(.text)
 .text          0x000001b2        0x2 C:/Program Files (x86)/Atmel/Studio/7.0/Packs/atmel/ATmega_DFP/1.1.130/gcc/dev/atmega1280/avr51/crtatmega1280.o
                0x000001b2                __vector_38
                0x000001b2                __vector_22
                0x000001b2                __vector_28
                0x000001b2                __vector_1
                0x000001b2                __vector_32
                0x000001b2                __vector_34
                0x000001b2                __vector_24
                0x000001b2                __vector_12
                0x000001b2                __vector_46
                0x000001b2                __bad_interrupt
                0x000001b2                __vector_6
                0x000001b2                __vector_31
                0x000001b2                __vector_35
                0x000001b2                __vector_39
                0x000001b2                __vector_3
                0x000001b2                __vector_30
                0x000001b2                __vector_45
                0x000001b2                __vector_11
                0x000001b2                __vector_13
                0x000001b2                __vector_17
                0x000001b2                __vector_19
                0x000001b2                __vector_56
                0x000001b2                __vector_7
                0x000001b2                __vector_49
                0x000001b2                __vector_41
                0x000001b2                __vector_43
                0x000001b2                __vector_27
                0x000001b2                __vector_5
                0x000001b2                __vector_33
                0x000001b2                __vector_47
                0x000001b2                __vector_4
                0x000001b2                __vector_44
                0x000001b2                __vector_9
                0x000001b2                __vector_2
                0x000001b2                __vector_21
                0x000001b2                __vector_15
                0x000001b2                __vector_40
                0x000001b2                __vector_8
                0x000001b2                __vector_48
                0x000001b2                __vector_14
                0x000001b2                __vector_53
                0x000001b2                __vector_10
                0x000001b2                __vector_50
                0x000001b2                __vector_16
                0x000001b2                __vector_18
                0x000001b2                __vector_42
                0x000001b4                . = ALIGN (0x2)
 *(.text.*)
 .text.__vector_29
                0x000001b4       0x1e analog_input/analog_input.o
                0x000001b4                __vector_29
 .text._ZN11AnalogInput24select_voltage_referenceEv
                0x000001d2        0xc analog_input/analog_input.o
                0x000001d2                _ZN11AnalogInput24select_voltage_referenceEv
 .text._ZN11AnalogInput22switch_to_this_channelEv
                0x000001de       0x28 analog_input/analog_input.o
                0x000001de                _ZN11AnalogInput22switch_to_this_channelEv
 .text._ZN11AnalogInput12set_prescaleEv
                0x00000206        0xc analog_input/analog_input.o
                0x00000206                _ZN11AnalogInput12set_prescaleEv
 .text._ZN11AnalogInput10enable_adcEv
                0x00000212        0xc analog_input/analog_input.o
                0x00000212                _ZN11AnalogInput10enable_adcEv
 .text._ZN11AnalogInput10initializeE14ANALOG_CHANNEL
                0x0000021e       0x24 analog_input/analog_input.o
                0x0000021e                _ZN11AnalogInput10initializeE14ANALOG_CHANNEL
 .text._ZN11AnalogInput16start_conversionEv
                0x00000242       0x16 analog_input/analog_input.o
                0x00000242                _ZN11AnalogInput16start_conversionEv
 .text._ZN11AnalogInput4readEv
                0x00000258       0x2c analog_input/analog_input.o
                0x00000258                _ZN11AnalogInput4readEv
 .text._ZN14Communications10initializeEjP6Memory
                0x00000284       0x50 communications/communications.o
                0x00000284                _ZN14Communications10initializeEjP6Memory
 .text._ZN14Communications16check_connectionEv
                0x000002d4       0x68 communications/communications.o
                0x000002d4                _ZN14Communications16check_connectionEv
 .text._ZN14Communications25is_emergency_stop_pressedEv
                0x0000033c       0x12 communications/communications.o
                0x0000033c                _ZN14Communications25is_emergency_stop_pressedEv
 .text._ZN14Communications19get_requested_macroEv
                0x0000034e       0x22 communications/communications.o
                0x0000034e                _ZN14Communications19get_requested_macroEv
 .text._ZN14Communications24get_bucket_motor_commandEP7MessageRh
                0x00000370       0xba communications/communications.o
                0x00000370                _ZN14Communications24get_bucket_motor_commandEP7MessageRh
 .text._ZN14Communications22get_plow_motor_commandEP7MessageRh
                0x0000042a       0x7a communications/communications.o
                0x0000042a                _ZN14Communications22get_plow_motor_commandEP7MessageRh
 .text._ZN14Communications13joystickR_msgEP7MessageRh
                0x000004a4      0x2ce communications/communications.o
                0x000004a4                _ZN14Communications13joystickR_msgEP7MessageRh
 .text._ZN14Communications13joystickL_msgEP7MessageRh
                0x00000772      0x136 communications/communications.o
                0x00000772                _ZN14Communications13joystickL_msgEP7MessageRh
 .text._ZN14Communications3crcEPK7Messageh
                0x000008a8       0x84 communications/communications.o
                0x000008a8                _ZN14Communications3crcEPK7Messageh
 .text._ZN14Communications4sendEPK7Messageh
                0x0000092c       0x82 communications/communications.o
                0x0000092c                _ZN14Communications4sendEPK7Messageh
 .text._ZN14Communications10ping_robotEv
                0x000009ae       0x3c communications/communications.o
                0x000009ae                _ZN14Communications10ping_robotEv
 .text._ZN14Communications21handle_manual_commandEv
                0x000009ea       0x7c communications/communications.o
                0x000009ea                _ZN14Communications21handle_manual_commandEv
 .text._ZN14Communications5parseEh
                0x00000a66       0x86 communications/communications.o
                0x00000a66                _ZN14Communications5parseEh
 .text._ZN14Communications4readEv
                0x00000aec       0x2a communications/communications.o
                0x00000aec                _ZN14Communications4readEv
 .text._ZN14Communications7receiveEv
                0x00000b16       0x70 communications/communications.o
                0x00000b16                _ZN14Communications7receiveEv
 .text._ZN14Communications21handle_emergency_stopEv
                0x00000b86       0x78 communications/communications.o
                0x00000b86                _ZN14Communications21handle_emergency_stopEv
 .text._ZN14Communications20handle_macro_requestEh
                0x00000bfe       0x54 communications/communications.o
                0x00000bfe                _ZN14Communications20handle_macro_requestEh
 .text._ZN14Communications8transmitEv
                0x00000c52       0xa4 communications/communications.o
                0x00000c52                _ZN14Communications8transmitEv
 .text._GLOBAL__sub_I_MACRO_RE_SEND_TIMER
                0x00000cf6       0x32 communications/communications.o
 .text._ZN12MessageQueueC2Ev
                0x00000d28        0xa communications/message_queue.o
                0x00000d28                _ZN12MessageQueueC2Ev
                0x00000d28                _ZN12MessageQueueC1Ev
 .text._ZN12MessageQueue4pushERK7Message
                0x00000d32       0x56 communications/message_queue.o
                0x00000d32                _ZN12MessageQueue4pushERK7Message
 .text._ZN12MessageQueue3popEv
                0x00000d88       0x40 communications/message_queue.o
                0x00000d88                _ZN12MessageQueue3popEv
 .text._ZNK12MessageQueue5countEv
                0x00000dc8        0x6 communications/message_queue.o
                0x00000dc8                _ZNK12MessageQueue5countEv
 .text._ZN18FastTransferParserC2Ev
                0x00000dce        0x6 communications/parser.o
                0x00000dce                _ZN18FastTransferParserC2Ev
                0x00000dce                _ZN18FastTransferParserC1Ev
 .text._ZN18FastTransferParser4pushEh
                0x00000dd4       0x1c communications/parser.o
                0x00000dd4                _ZN18FastTransferParser4pushEh
 .text._ZNK18FastTransferParser7is_fullEv
                0x00000df0       0x10 communications/parser.o
                0x00000df0                _ZNK18FastTransferParser7is_fullEv
 .text._ZN18FastTransferParser5clearEv
                0x00000e00        0x6 communications/parser.o
                0x00000e00                _ZN18FastTransferParser5clearEv
 .text._ZNK18FastTransferParser11get_messageEh
                0x00000e06       0x16 communications/parser.o
                0x00000e06                _ZNK18FastTransferParser11get_messageEh
 .text._ZNK18FastTransferParser10verify_crcEv
                0x00000e1c       0x78 communications/parser.o
                0x00000e1c                _ZNK18FastTransferParser10verify_crcEv
 .text._ZNK18FastTransferParser14valid_messagesEv
                0x00000e94       0x2e communications/parser.o
                0x00000e94                _ZNK18FastTransferParser14valid_messagesEv
 .text._ZNK18FastTransferParser12num_messagesEv
                0x00000ec2       0x22 communications/parser.o
                0x00000ec2                _ZNK18FastTransferParser12num_messagesEv
 .text._ZN16ControlBoxEngine10initializeEv
                0x00000ee4       0x26 ControlBoxEngine.o
                0x00000ee4                _ZN16ControlBoxEngine10initializeEv
 .text._ZN16ControlBoxEngine4loopEv
                0x00000f0a       0x1c ControlBoxEngine.o
                0x00000f0a                _ZN16ControlBoxEngine4loopEv
 .text._ZL12DDR_REGISTER4Port
                0x00000f26       0x5a digital_io/digital_pin.o
 .text._ZL13PORT_REGISTER4Port
                0x00000f80       0x5a digital_io/digital_pin.o
 .text._ZN10DigitalPin10initializeE4Port3Pin4Mode
                0x00000fda       0x98 digital_io/digital_pin.o
                0x00000fda                _ZN10DigitalPin10initializeE4Port3Pin4Mode
 .text._ZN10DigitalPin4readEv
                0x00001072       0x76 digital_io/digital_pin.o
                0x00001072                _ZN10DigitalPin4readEv
 .text._ZN10DigitalPin6is_lowEv
                0x000010e8        0x8 digital_io/digital_pin.o
                0x000010e8                _ZN10DigitalPin6is_lowEv
 .text._ZN8Expander11set_addressEh
                0x000010f0        0xa digital_io/expander.o
                0x000010f0                _ZN8Expander11set_addressEh
 .text._ZN8Expander14write_registerEhh
                0x000010fa       0x46 digital_io/expander.o
                0x000010fa                _ZN8Expander14write_registerEhh
 .text._ZN8Expander13read_registerEh
                0x00001140       0x46 digital_io/expander.o
                0x00001140                _ZN8Expander13read_registerEh
 .text._ZN11ExpanderPin4readEv
                0x00001186       0x2e digital_io/expander_pin.o
                0x00001186                _ZN11ExpanderPin4readEv
 .text._ZN11ExpanderPin8set_modeE4Mode
                0x000011b4       0x68 digital_io/expander_pin.o
                0x000011b4                _ZN11ExpanderPin8set_modeE4Mode
 .text._ZN11ExpanderPin10initializeEP8Expander4Port3Pin4Mode
                0x0000121c       0x14 digital_io/expander_pin.o
                0x0000121c                _ZN11ExpanderPin10initializeEP8Expander4Port3Pin4Mode
 .text._ZN12InputHandler20initialize_expandersEv
                0x00001230       0x1a high_level_io/input_handler.o
                0x00001230                _ZN12InputHandler20initialize_expandersEv
 .text._ZN12InputHandler23initialize_push_buttonsEv
                0x0000124a       0xfe high_level_io/input_handler.o
                0x0000124a                _ZN12InputHandler23initialize_push_buttonsEv
 .text._ZN12InputHandler25initialize_arcade_buttonsEv
                0x00001348       0x88 high_level_io/input_handler.o
                0x00001348                _ZN12InputHandler25initialize_arcade_buttonsEv
 .text._ZN12InputHandler20initialize_joysticksEv
                0x000013d0       0x3a high_level_io/input_handler.o
                0x000013d0                _ZN12InputHandler20initialize_joysticksEv
 .text._ZN12InputHandler25initialize_potentiometersEv
                0x0000140a       0x22 high_level_io/input_handler.o
                0x0000140a                _ZN12InputHandler25initialize_potentiometersEv
 .text._ZN12InputHandler10initializeEP6Memory
                0x0000142c       0x3c high_level_io/input_handler.o
                0x0000142c                _ZN12InputHandler10initializeEP6Memory
 .text._ZN12InputHandler19poll_arcade_buttonsEv
                0x00001468       0x2c high_level_io/input_handler.o
                0x00001468                _ZN12InputHandler19poll_arcade_buttonsEv
 .text._ZN12InputHandler17poll_push_buttonsEv
                0x00001494       0x30 high_level_io/input_handler.o
                0x00001494                _ZN12InputHandler17poll_push_buttonsEv
 .text._ZN12InputHandler18poll_analog_inputsEv
                0x000014c4       0x6a high_level_io/input_handler.o
                0x000014c4                _ZN12InputHandler18poll_analog_inputsEv
 .text._ZN12InputHandler4pollEv
                0x0000152e       0x22 high_level_io/input_handler.o
                0x0000152e                _ZN12InputHandler4pollEv
 .text._GLOBAL__sub_I_RESET_TIMER
                0x00001550       0x1e high_level_io/input_handler.o
 .text._GLOBAL__sub_I_LsevenSeg
                0x0000156e       0x60 high_level_io/output_handler.o
 .text._Z10copy_rangePhS_h
                0x000015ce       0x1a i2c/i2c.o
                0x000015ce                _Z10copy_rangePhS_h
 .text._ZN3I2C11set_addressEh
                0x000015e8        0x8 i2c/i2c.o
                0x000015e8                _ZN3I2C11set_addressEh
 .text._ZN3I2C12send_addressENS_9DirectionE
                0x000015f0       0x26 i2c/i2c.o
                0x000015f0                _ZN3I2C12send_addressENS_9DirectionE
 .text._ZN3I2C14read_data_byteEv
                0x00001616       0x2c i2c/i2c.o
                0x00001616                _ZN3I2C14read_data_byteEv
 .text._ZN3I2C4failEv
                0x00001642       0x1c i2c/i2c.o
                0x00001642                _ZN3I2C4failEv
 .text._ZN3I2C12verify_startEv
                0x0000165e       0x20 i2c/i2c.o
                0x0000165e                _ZN3I2C12verify_startEv
 .text._ZN3I2C25verify_write_address_sentEv
                0x0000167e       0x20 i2c/i2c.o
                0x0000167e                _ZN3I2C25verify_write_address_sentEv
 .text._ZN3I2C24verify_read_address_sentEv
                0x0000169e       0x20 i2c/i2c.o
                0x0000169e                _ZN3I2C24verify_read_address_sentEv
 .text._ZN3I2C16verify_data_sentEv
                0x000016be       0x32 i2c/i2c.o
                0x000016be                _ZN3I2C16verify_data_sentEv
 .text._ZN3I2C5writeEPhh
                0x000016f0       0xf8 i2c/i2c.o
                0x000016f0                _ZN3I2C5writeEPhh
 .text._ZN3I2C16verify_data_readEv
                0x000017e8       0x48 i2c/i2c.o
                0x000017e8                _ZN3I2C16verify_data_readEv
 .text._ZN3I2C4readEPhh
                0x00001830       0xbc i2c/i2c.o
                0x00001830                _ZN3I2C4readEPhh
 .text._ZN5I2CIOC2Ev
                0x000018ec        0xe i2c/I2CIO.o
                0x000018ec                _ZN5I2CIOC2Ev
                0x000018ec                _ZN5I2CIOC1Ev
 .text._ZN5I2CIO5beginEh
                0x000018fa       0x24 i2c/I2CIO.o
                0x000018fa                _ZN5I2CIO5beginEh
 .text._ZN5I2CIO8portModeEh
                0x0000191e       0x12 i2c/I2CIO.o
                0x0000191e                _ZN5I2CIO8portModeEh
 .text._ZN5I2CIO5writeEh
                0x00001930       0x18 i2c/I2CIO.o
                0x00001930                _ZN5I2CIO5writeEh
 .text._ZN3LCD15setBacklightPinEh14t_backlightPol
                0x00001948        0x2 i2c/LCD.o
                0x00001948                _ZN3LCD15setBacklightPinEh14t_backlightPol
 .text._ZN3LCD12setBacklightEh
                0x0000194a        0x2 i2c/LCD.o
                0x0000194a                _ZN3LCD12setBacklightEh
 .text._ZN3LCD4sendEhh
                0x0000194c        0x2 i2c/LCD.o
                0x0000194c                _ZN3LCD4sendEhh
 .text._ZN3LCD5writeEh
                0x0000194e       0x16 i2c/LCD.o
                0x0000194e                _ZN3LCD5writeEh
 .text._ZN3LCDC2Ev
                0x00001964        0xc i2c/LCD.o
                0x00001964                _ZN3LCDC1Ev
                0x00001964                _ZN3LCDC2Ev
 .text._ZN3LCD9backlightEv
                0x00001970       0x12 i2c/LCD.o
                0x00001970                _ZN3LCD9backlightEv
 .text._ZN3LCD7commandEh
                0x00001982       0x12 i2c/LCD.o
                0x00001982                _ZN3LCD7commandEh
 .text._ZN3LCD5clearEv
                0x00001994       0x12 i2c/LCD.o
                0x00001994                _ZN3LCD5clearEv
 .text._ZN3LCD7displayEv
                0x000019a6       0x10 i2c/LCD.o
                0x000019a6                _ZN3LCD7displayEv
 .text._ZN3LCD5beginEhhh
                0x000019b6      0x122 i2c/LCD.o
                0x000019b6                _ZN3LCD5beginEhhh
 .text._ZN17LiquidCrystal_I2C15setBacklightPinEh14t_backlightPol
                0x00001ad8       0x28 i2c/LiquidCrystal_I2C.o
                0x00001ad8                _ZN17LiquidCrystal_I2C15setBacklightPinEh14t_backlightPol
 .text._ZN17LiquidCrystal_I2C12setBacklightEh
                0x00001b00       0x2c i2c/LiquidCrystal_I2C.o
                0x00001b00                _ZN17LiquidCrystal_I2C12setBacklightEh
 .text._ZN17LiquidCrystal_I2CC2Ehhhhhhhh
                0x00001b2c       0xae i2c/LiquidCrystal_I2C.o
                0x00001b2c                _ZN17LiquidCrystal_I2CC2Ehhhhhhhh
                0x00001b2c                _ZN17LiquidCrystal_I2CC1Ehhhhhhhh
 .text._ZN17LiquidCrystal_I2C4initEv
                0x00001bda       0x3c i2c/LiquidCrystal_I2C.o
                0x00001bda                _ZN17LiquidCrystal_I2C4initEv
 .text._ZN17LiquidCrystal_I2C11pulseEnableEh
                0x00001c16       0x38 i2c/LiquidCrystal_I2C.o
                0x00001c16                _ZN17LiquidCrystal_I2C11pulseEnableEh
 .text._ZN17LiquidCrystal_I2C10write4bitsEhh
                0x00001c4e       0x36 i2c/LiquidCrystal_I2C.o
                0x00001c4e                _ZN17LiquidCrystal_I2C10write4bitsEhh
 .text._ZN17LiquidCrystal_I2C4sendEhh
                0x00001c84       0x42 i2c/LiquidCrystal_I2C.o
                0x00001c84                _ZN17LiquidCrystal_I2C4sendEhh
 .text._ZN17LiquidCrystal_I2C5beginEhhh
                0x00001cc6       0x2a i2c/LiquidCrystal_I2C.o
                0x00001cc6                _ZN17LiquidCrystal_I2C5beginEhhh
 .text._ZN17Adafruit_7segmentC2Eh
                0x00001cf0        0xe i2c/SevenSegment.o
                0x00001cf0                _ZN17Adafruit_7segmentC2Eh
                0x00001cf0                _ZN17Adafruit_7segmentC1Eh
 .text.main     0x00001cfe       0x64 main.o
                0x00001cfe                main
 .text._ZN6Memory10initializeEv
                0x00001d62       0x1e memory/memory.o
                0x00001d62                _ZN6Memory10initializeEv
 .text._ZN6Memory5writeEhj
                0x00001d80       0x34 memory/memory.o
                0x00001d80                _ZN6Memory5writeEhj
 .text._ZN6Memory4readEh
                0x00001db4       0x1a memory/memory.o
                0x00001db4                _ZN6Memory4readEh
 .text._ZN6Memory13valid_addressEh
                0x00001dce        0xa memory/memory.o
                0x00001dce                _ZN6Memory13valid_addressEh
 .text._ZN6Clocks5resetEv
                0x00001dd8       0x22 timer/Clock.o
                0x00001dd8                _ZN6Clocks5resetEv
 .text._ZN6ClocksC2Ev
                0x00001dfa       0x34 timer/Clock.o
                0x00001dfa                _ZN6ClocksC1Ev
                0x00001dfa                _ZN6ClocksC2Ev
 .text._ZN6ClocksC2El
                0x00001e2e       0x40 timer/Clock.o
                0x00001e2e                _ZN6ClocksC2El
                0x00001e2e                _ZN6ClocksC1El
 .text._ZN6Clocks12resetSpecialEv
                0x00001e6e       0x3a timer/Clock.o
                0x00001e6e                _ZN6Clocks12resetSpecialEv
 .text._ZN6Clocks11setIntervalEl
                0x00001ea8        0xc timer/Clock.o
                0x00001ea8                _ZN6Clocks11setIntervalEl
 .text._ZN6Clocks6updateEv
                0x00001eb4       0x1a timer/Clock.o
                0x00001eb4                _ZN6Clocks6updateEv
 .text._ZN6Clocks6isDoneEv
                0x00001ece       0x4c timer/Clock.o
                0x00001ece                _ZN6Clocks6isDoneEv
 .text._ZN6Clocks13isDoneSpecialEv
                0x00001f1a       0x4c timer/Clock.o
                0x00001f1a                _ZN6Clocks13isDoneSpecialEv
 .text._ZN6Clocks14isDone_NoResetEv
                0x00001f66       0x4c timer/Clock.o
                0x00001f66                _ZN6Clocks14isDone_NoResetEv
 .text._GLOBAL__sub_I__ZN6ClocksC2Ev
                0x00001fb2        0x8 timer/Clock.o
 .text._Z5resetv
                0x00001fba       0x18 timer/SimpleTimer0.o
                0x00001fba                _Z5resetv
 .text.__vector_23
                0x00001fd2       0x9e timer/SimpleTimer0.o
                0x00001fd2                __vector_23
 .text.__vector_20
                0x00002070       0xbc timer/SimpleTimer1.o
                0x00002070                __vector_20
 .text._ZN12SimpleTimer16millisEv
                0x0000212c       0x12 timer/SimpleTimer1.o
                0x0000212c                _ZN12SimpleTimer16millisEv
 .text._ZN12SimpleTimer15startEv
                0x0000213e       0x16 timer/SimpleTimer1.o
                0x0000213e                _ZN12SimpleTimer15startEv
 .text._ZN12SimpleTimer1C2Ev
                0x00002154        0x4 timer/SimpleTimer1.o
                0x00002154                _ZN12SimpleTimer1C2Ev
                0x00002154                _ZN12SimpleTimer1C1Ev
 .text._ZN12SimpleTimer112set_durationEm
                0x00002158       0x26 timer/SimpleTimer1.o
                0x00002158                _ZN12SimpleTimer112set_durationEm
 .text._Z21timer0_setClockSource12CLOCK_SOURCE
                0x0000217e       0x5c timer/timer.o
                0x0000217e                _Z21timer0_setClockSource12CLOCK_SOURCE
 .text._Z36timer0_disableTimerOverflowInterruptv
                0x000021da        0xc timer/timer.o
                0x000021da                _Z36timer0_disableTimerOverflowInterruptv
 .text.__vector_25
                0x000021e6       0x64 uart/uart_0.o
                0x000021e6                __vector_25
 .text.__vector_26
                0x0000224a       0x5c uart/uart_0.o
                0x0000224a                __vector_26
 .text.__vector_36
                0x000022a6       0x62 uart/uart_1.o
                0x000022a6                __vector_36
 .text.__vector_37
                0x00002308       0x5a uart/uart_1.o
                0x00002308                __vector_37
 .text._Z16uart1_initializej
                0x00002362       0x28 uart/uart_1.o
                0x00002362                _Z16uart1_initializej
 .text._Z15uart1_read_bytev
                0x0000238a       0x3a uart/uart_1.o
                0x0000238a                _Z15uart1_read_bytev
 .text._Z15uart1_send_byteh
                0x000023c4       0x28 uart/uart_1.o
                0x000023c4                _Z15uart1_send_byteh
 .text.__vector_51
                0x000023ec       0x64 uart/uart_2.o
                0x000023ec                __vector_51
 .text.__vector_52
                0x00002450       0x5c uart/uart_2.o
                0x00002450                __vector_52
 .text.__vector_54
                0x000024ac       0x64 uart/uart_3.o
                0x000024ac                __vector_54
 .text.__vector_55
                0x00002510       0x5c uart/uart_3.o
                0x00002510                __vector_55
 .text.avr-libc.fplib
                0x0000256c        0xa c:/program files (x86)/atmel/studio/7.0/toolchain/avr8/avr8-gnu-toolchain/bin/../lib/gcc/avr/5.4.0/../../../../avr/lib/avr51\libm.a(addsf3.o)
                0x0000256c                __subsf3
                0x0000256e                __addsf3
 .text.avr-libc.fplib
                0x00002576       0xc0 c:/program files (x86)/atmel/studio/7.0/toolchain/avr8/avr8-gnu-toolchain/bin/../lib/gcc/avr/5.4.0/../../../../avr/lib/avr51\libm.a(addsf3x.o)
                0x00002590                __addsf3x
 .text.avr-libc.fplib
                0x00002636        0xa c:/program files (x86)/atmel/studio/7.0/toolchain/avr8/avr8-gnu-toolchain/bin/../lib/gcc/avr/5.4.0/../../../../avr/lib/avr51\libm.a(fixsfsi.o)
                0x00002636                __fixsfsi
 .text.avr-libc.fplib
                0x00002640       0x58 c:/program files (x86)/atmel/studio/7.0/toolchain/avr8/avr8-gnu-toolchain/bin/../lib/gcc/avr/5.4.0/../../../../avr/lib/avr51\libm.a(fixunssfsi.o)
                0x00002640                __fixunssfsi
 .text.avr-libc.fplib
                0x00002698       0x7a c:/program files (x86)/atmel/studio/7.0/toolchain/avr8/avr8-gnu-toolchain/bin/../lib/gcc/avr/5.4.0/../../../../avr/lib/avr51\libm.a(floatsisf.o)
                0x00002698                __floatunsisf
                0x0000269c                __floatsisf
 .text.avr-libc.fplib
                0x00002712        0xc c:/program files (x86)/atmel/studio/7.0/toolchain/avr8/avr8-gnu-toolchain/bin/../lib/gcc/avr/5.4.0/../../../../avr/lib/avr51\libm.a(fp_inf.o)
                0x00002712                __fp_inf
 .text.avr-libc.fplib
                0x0000271e        0x6 c:/program files (x86)/atmel/studio/7.0/toolchain/avr8/avr8-gnu-toolchain/bin/../lib/gcc/avr/5.4.0/../../../../avr/lib/avr51\libm.a(fp_nan.o)
                0x0000271e                __fp_nan
 .text.avr-libc.fplib
                0x00002724        0xe c:/program files (x86)/atmel/studio/7.0/toolchain/avr8/avr8-gnu-toolchain/bin/../lib/gcc/avr/5.4.0/../../../../avr/lib/avr51\libm.a(fp_pscA.o)
                0x00002724                __fp_pscA
 .text.avr-libc.fplib
                0x00002732        0xe c:/program files (x86)/atmel/studio/7.0/toolchain/avr8/avr8-gnu-toolchain/bin/../lib/gcc/avr/5.4.0/../../../../avr/lib/avr51\libm.a(fp_pscB.o)
                0x00002732                __fp_pscB
 .text.avr-libc.fplib
                0x00002740       0x22 c:/program files (x86)/atmel/studio/7.0/toolchain/avr8/avr8-gnu-toolchain/bin/../lib/gcc/avr/5.4.0/../../../../avr/lib/avr51\libm.a(fp_round.o)
                0x00002740                __fp_round
 .text.avr-libc.fplib
                0x00002762       0x44 c:/program files (x86)/atmel/studio/7.0/toolchain/avr8/avr8-gnu-toolchain/bin/../lib/gcc/avr/5.4.0/../../../../avr/lib/avr51\libm.a(fp_split3.o)
                0x00002762                __fp_split3
                0x00002772                __fp_splitA
 .text.avr-libc.fplib
                0x000027a6        0xe c:/program files (x86)/atmel/studio/7.0/toolchain/avr8/avr8-gnu-toolchain/bin/../lib/gcc/avr/5.4.0/../../../../avr/lib/avr51\libm.a(fp_zero.o)
                0x000027a6                __fp_zero
                0x000027a8                __fp_szero
 .text.avr-libc.fplib
                0x000027b4        0x4 c:/program files (x86)/atmel/studio/7.0/toolchain/avr8/avr8-gnu-toolchain/bin/../lib/gcc/avr/5.4.0/../../../../avr/lib/avr51\libm.a(mulsf3.o)
                0x000027b4                __mulsf3
 .text.avr-libc.fplib
                0x000027b8       0xc2 c:/program files (x86)/atmel/studio/7.0/toolchain/avr8/avr8-gnu-toolchain/bin/../lib/gcc/avr/5.4.0/../../../../avr/lib/avr51\libm.a(mulsf3x.o)
                0x000027cc                __mulsf3x
                0x000027d0                __mulsf3_pse
 .text.libgcc.mul
                0x0000287a       0x1e c:/program files (x86)/atmel/studio/7.0/toolchain/avr8/avr8-gnu-toolchain/bin/../lib/gcc/avr/5.4.0/avr51\libgcc.a(_mulsi3.o)
                0x0000287a                __mulsi3
 .text.libgcc.div
                0x00002898       0x44 c:/program files (x86)/atmel/studio/7.0/toolchain/avr8/avr8-gnu-toolchain/bin/../lib/gcc/avr/5.4.0/avr51\libgcc.a(_udivmodsi4.o)
                0x00002898                __udivmodsi4
 .text.libgcc.div
                0x000028dc       0x28 c:/program files (x86)/atmel/studio/7.0/toolchain/avr8/avr8-gnu-toolchain/bin/../lib/gcc/avr/5.4.0/avr51\libgcc.a(_divmodsi4.o)
                0x000028dc                __divmodsi4
 .text.libgcc.div
                0x00002904       0x10 c:/program files (x86)/atmel/studio/7.0/toolchain/avr8/avr8-gnu-toolchain/bin/../lib/gcc/avr/5.4.0/avr51\libgcc.a(_negsi2.o)
                0x00002904                __negsi2
 .text.libgcc   0x00002914       0x12 c:/program files (x86)/atmel/studio/7.0/toolchain/avr8/avr8-gnu-toolchain/bin/../lib/gcc/avr/5.4.0/avr51\libgcc.a(_tablejump2.o)
                0x00002914                __tablejump2__
 .text.libgcc.mul
                0x00002926       0x1e c:/program files (x86)/atmel/studio/7.0/toolchain/avr8/avr8-gnu-toolchain/bin/../lib/gcc/avr/5.4.0/avr51\libgcc.a(_umulhisi3.o)
                0x00002926                __umulhisi3
 .text.libgcc.mul
                0x00002944        0xc c:/program files (x86)/atmel/studio/7.0/toolchain/avr8/avr8-gnu-toolchain/bin/../lib/gcc/avr/5.4.0/avr51\libgcc.a(_usmulhisi3.o)
                0x00002944                __usmulhisi3
                0x00002946                __usmulhisi3_tail
 .text.libgcc.mul
                0x00002950       0x14 c:/program files (x86)/atmel/studio/7.0/toolchain/avr8/avr8-gnu-toolchain/bin/../lib/gcc/avr/5.4.0/avr51\libgcc.a(_muluhisi3.o)
                0x00002950                __muluhisi3
                0x00002964                . = ALIGN (0x2)
 *(.fini9)
 .fini9         0x00002964        0x0 c:/program files (x86)/atmel/studio/7.0/toolchain/avr8/avr8-gnu-toolchain/bin/../lib/gcc/avr/5.4.0/avr51\libgcc.a(_exit.o)
                0x00002964                _exit
                0x00002964                exit
 *(.fini9)
 *(.fini8)
 *(.fini8)
 *(.fini7)
 *(.fini7)
 *(.fini6)
 *(.fini6)
 *(.fini5)
 *(.fini5)
 *(.fini4)
 *(.fini4)
 *(.fini3)
 *(.fini3)
 *(.fini2)
 *(.fini2)
 *(.fini1)
 *(.fini1)
 *(.fini0)
 .fini0         0x00002964        0x4 c:/program files (x86)/atmel/studio/7.0/toolchain/avr8/avr8-gnu-toolchain/bin/../lib/gcc/avr/5.4.0/avr51\libgcc.a(_exit.o)
 *(.fini0)
                0x00002968                _etext = .

.data           0x00800200       0x1c load address 0x00002968
                0x00800200                PROVIDE (__data_start, .)
 *(.data)
 *(.data*)
 *(.gnu.linkonce.d*)
 *(.rodata)
 *(.rodata*)
 .rodata._ZTV3LCD
                0x00800200        0xe i2c/LCD.o
                0x00800200                _ZTV3LCD
 .rodata._ZTV17LiquidCrystal_I2C
                0x0080020e        0xe i2c/LiquidCrystal_I2C.o
                0x0080020e                _ZTV17LiquidCrystal_I2C
 *(.gnu.linkonce.r*)
                0x0080021c                . = ALIGN (0x2)
                0x0080021c                _edata = .
                0x0080021c                PROVIDE (__data_end, .)

.bss            0x0080021c      0x6f4
                0x0080021c                PROVIDE (__bss_start, .)
 *(.bss)
 *(.bss*)
 .bss._ZL19conversion_complete
                0x0080021c        0x1 analog_input/analog_input.o
 .bss.E_StopPressed
                0x0080021d        0x1 communications/communications.o
                0x0080021d                E_StopPressed
 .bss._ZL19TransmitPeriodTimer
                0x0080021e        0xc communications/communications.o
 .bss.CONNECTED_TIME
                0x0080022a        0xc communications/communications.o
                0x0080022a                CONNECTED_TIME
 .bss.ROBOT_CONNECTED_TIMEOUT
                0x00800236        0xc communications/communications.o
                0x00800236                ROBOT_CONNECTED_TIMEOUT
 .bss.ROBOT_PING_TIMER
                0x00800242        0xc communications/communications.o
                0x00800242                ROBOT_PING_TIMER
 .bss.MACRO_RE_SEND_TIMER
                0x0080024e        0xc communications/communications.o
                0x0080024e                MACRO_RE_SEND_TIMER
 .bss._ZL5error
                0x0080025a        0x1 digital_io/digital_pin.o
 .bss.PollInputs
                0x0080025b        0xc high_level_io/input_handler.o
                0x0080025b                PollInputs
 .bss.RESET_TIMER
                0x00800267        0xc high_level_io/input_handler.o
                0x00800267                RESET_TIMER
 .bss.blinkTimer
                0x00800273        0xc high_level_io/output_handler.o
                0x00800273                blinkTimer
 .bss.lcd       0x0080027f       0x16 high_level_io/output_handler.o
                0x0080027f                lcd
 .bss.RsevenSeg
                0x00800295       0x41 high_level_io/output_handler.o
                0x00800295                RsevenSeg
 .bss.LsevenSeg
                0x008002d6       0x41 high_level_io/output_handler.o
                0x008002d6                LsevenSeg
 .bss.Wire      0x00800317        0xf i2c/I2CIO.o
                0x00800317                Wire
 .bss._ZL9variables
                0x00800326      0x300 memory/memory.o
 .bss._ZL10ClockTimer
                0x00800626        0x1 timer/Clock.o
 .bss._ZL9max_count
                0x00800627        0x4 timer/SimpleTimer0.o
 .bss._ZL5count
                0x0080062b        0x4 timer/SimpleTimer0.o
 .bss._ZL9max_count
                0x0080062f        0x4 timer/SimpleTimer1.o
 .bss._ZL11GlobalCount
                0x00800633        0x4 timer/SimpleTimer1.o
 .bss._ZL5count
                0x00800637        0x4 timer/SimpleTimer1.o
 .bss._ZL2cs    0x0080063b        0x1 timer/timer.o
 .bss._ZL18last_receive_error
                0x0080063c        0x1 uart/uart_0.o
 .bss._ZL12receive_tail
                0x0080063d        0x1 uart/uart_0.o
 .bss._ZL12receive_head
                0x0080063e        0x1 uart/uart_0.o
 .bss._ZL14receive_buffer
                0x0080063f       0x20 uart/uart_0.o
 .bss._ZL13transmit_tail
                0x0080065f        0x1 uart/uart_0.o
 .bss._ZL13transmit_head
                0x00800660        0x1 uart/uart_0.o
 .bss._ZL15transmit_buffer
                0x00800661       0x20 uart/uart_0.o
 .bss._ZL18last_receive_error
                0x00800681        0x1 uart/uart_1.o
 .bss._ZL12receive_tail
                0x00800682        0x1 uart/uart_1.o
 .bss._ZL12receive_head
                0x00800683        0x1 uart/uart_1.o
 .bss._ZL14receive_buffer
                0x00800684      0x100 uart/uart_1.o
 .bss._ZL13transmit_tail
                0x00800784        0x1 uart/uart_1.o
 .bss._ZL13transmit_head
                0x00800785        0x1 uart/uart_1.o
 .bss._ZL15transmit_buffer
                0x00800786      0x100 uart/uart_1.o
 .bss._ZL18last_receive_error
                0x00800886        0x1 uart/uart_2.o
 .bss._ZL12receive_tail
                0x00800887        0x1 uart/uart_2.o
 .bss._ZL12receive_head
                0x00800888        0x1 uart/uart_2.o
 .bss._ZL14receive_buffer
                0x00800889       0x20 uart/uart_2.o
 .bss._ZL13transmit_tail
                0x008008a9        0x1 uart/uart_2.o
 .bss._ZL13transmit_head
                0x008008aa        0x1 uart/uart_2.o
 .bss._ZL15transmit_buffer
                0x008008ab       0x20 uart/uart_2.o
 .bss._ZL18last_receive_error
                0x008008cb        0x1 uart/uart_3.o
 .bss._ZL12receive_tail
                0x008008cc        0x1 uart/uart_3.o
 .bss._ZL12receive_head
                0x008008cd        0x1 uart/uart_3.o
 .bss._ZL14receive_buffer
                0x008008ce       0x20 uart/uart_3.o
 .bss._ZL13transmit_tail
                0x008008ee        0x1 uart/uart_3.o
 .bss._ZL13transmit_head
                0x008008ef        0x1 uart/uart_3.o
 .bss._ZL15transmit_buffer
                0x008008f0       0x20 uart/uart_3.o
 *(COMMON)
                0x00800910                PROVIDE (__bss_end, .)
                0x00002968                __data_load_start = LOADADDR (.data)
                0x00002984                __data_load_end = (__data_load_start + SIZEOF (.data))

.noinit         0x00800910        0x0
                [!provide]                PROVIDE (__noinit_start, .)
 *(.noinit*)
                [!provide]                PROVIDE (__noinit_end, .)
                0x00800910                _end = .
                0x00800910                PROVIDE (__heap_start, .)

.eeprom         0x00810000        0x0
 *(.eeprom*)
                0x00810000                __eeprom_end = .

.fuse
 *(.fuse)
 *(.lfuse)
 *(.hfuse)
 *(.efuse)

.lock
 *(.lock*)

.signature
 *(.signature*)

.user_signatures
 *(.user_signatures*)

.stab
 *(.stab)

.stabstr
 *(.stabstr)

.stab.excl
 *(.stab.excl)

.stab.exclstr
 *(.stab.exclstr)

.stab.index
 *(.stab.index)

.stab.indexstr
 *(.stab.indexstr)

.comment        0x00000000       0x30
 *(.comment)
 .comment       0x00000000       0x30 analog_input/analog_input.o
                                 0x31 (size before relaxing)
 .comment       0x00000030       0x31 communications/communications.o
 .comment       0x00000030       0x31 communications/message_queue.o
 .comment       0x00000030       0x31 communications/parser.o
 .comment       0x00000030       0x31 ControlBoxEngine.o
 .comment       0x00000030       0x31 digital_io/digital_pin.o
 .comment       0x00000030       0x31 digital_io/expander.o
 .comment       0x00000030       0x31 digital_io/expander_pin.o
 .comment       0x00000030       0x31 high_level_io/input_handler.o
 .comment       0x00000030       0x31 high_level_io/output_handler.o
 .comment       0x00000030       0x31 i2c/i2c.o
 .comment       0x00000030       0x31 i2c/I2CIO.o
 .comment       0x00000030       0x31 i2c/LCD.o
 .comment       0x00000030       0x31 i2c/LiquidCrystal_I2C.o
 .comment       0x00000030       0x31 i2c/SevenSegment.o
 .comment       0x00000030       0x31 main.o
 .comment       0x00000030       0x31 memory/memory.o
 .comment       0x00000030       0x31 timer/Clock.o
 .comment       0x00000030       0x31 timer/SimpleTimer0.o
 .comment       0x00000030       0x31 timer/SimpleTimer1.o
 .comment       0x00000030       0x31 timer/timer.o
 .comment       0x00000030       0x31 uart/uart_0.o
 .comment       0x00000030       0x31 uart/uart_1.o
 .comment       0x00000030       0x31 uart/uart_2.o
 .comment       0x00000030       0x31 uart/uart_3.o

.note.gnu.avr.deviceinfo
                0x00000000       0x40
 .note.gnu.avr.deviceinfo
                0x00000000       0x40 C:/Program Files (x86)/Atmel/Studio/7.0/Packs/atmel/ATmega_DFP/1.1.130/gcc/dev/atmega1280/avr51/crtatmega1280.o

.note.gnu.build-id
 *(.note.gnu.build-id)

.debug
 *(.debug)

.line
 *(.line)

.debug_srcinfo
 *(.debug_srcinfo)

.debug_sfnames
 *(.debug_sfnames)

.debug_aranges  0x00000000      0xaf8
 *(.debug_aranges)
 .debug_aranges
                0x00000000       0x60 analog_input/analog_input.o
 .debug_aranges
                0x00000060      0x108 communications/communications.o
 .debug_aranges
                0x00000168       0x48 communications/message_queue.o
 .debug_aranges
                0x000001b0       0x68 communications/parser.o
 .debug_aranges
                0x00000218       0x28 ControlBoxEngine.o
 .debug_aranges
                0x00000240       0x58 digital_io/digital_pin.o
 .debug_aranges
                0x00000298       0x30 digital_io/expander.o
 .debug_aranges
                0x000002c8       0x38 digital_io/expander_pin.o
 .debug_aranges
                0x00000300       0x78 high_level_io/input_handler.o
 .debug_aranges
                0x00000378       0x78 high_level_io/output_handler.o
 .debug_aranges
                0x000003f0       0xa8 i2c/i2c.o
 .debug_aranges
                0x00000498       0x58 i2c/I2CIO.o
 .debug_aranges
                0x000004f0      0x110 i2c/LCD.o
 .debug_aranges
                0x00000600       0x88 i2c/LiquidCrystal_I2C.o
 .debug_aranges
                0x00000688      0x108 i2c/SevenSegment.o
 .debug_aranges
                0x00000790       0x20 main.o
 .debug_aranges
                0x000007b0       0x48 memory/memory.o
 .debug_aranges
                0x000007f8       0x70 timer/Clock.o
 .debug_aranges
                0x00000868       0x58 timer/SimpleTimer0.o
 .debug_aranges
                0x000008c0       0x60 timer/SimpleTimer1.o
 .debug_aranges
                0x00000920       0xb0 timer/timer.o
 .debug_aranges
                0x000009d0       0x48 uart/uart_0.o
 .debug_aranges
                0x00000a18       0x48 uart/uart_1.o
 .debug_aranges
                0x00000a60       0x50 uart/uart_2.o
 .debug_aranges
                0x00000ab0       0x48 uart/uart_3.o

.debug_pubnames
 *(.debug_pubnames)

.debug_info     0x00000000    0x13569
 *(.debug_info .gnu.linkonce.wi.*)
 .debug_info    0x00000000      0xbbc C:/Program Files (x86)/Atmel/Studio/7.0/Packs/atmel/ATmega_DFP/1.1.130/gcc/dev/atmega1280/avr51/crtatmega1280.o
 .debug_info    0x00000bbc      0x42f analog_input/analog_input.o
 .debug_info    0x00000feb     0x260e communications/communications.o
 .debug_info    0x000035f9      0x372 communications/message_queue.o
 .debug_info    0x0000396b      0x5dc communications/parser.o
 .debug_info    0x00003f47     0x1687 ControlBoxEngine.o
 .debug_info    0x000055ce      0x6b4 digital_io/digital_pin.o
 .debug_info    0x00005c82      0x5ac digital_io/expander.o
 .debug_info    0x0000622e      0x7c7 digital_io/expander_pin.o
 .debug_info    0x000069f5     0x1879 high_level_io/input_handler.o
 .debug_info    0x0000826e     0x24c6 high_level_io/output_handler.o
 .debug_info    0x0000a734      0xbbd i2c/i2c.o
 .debug_info    0x0000b2f1      0x819 i2c/I2CIO.o
 .debug_info    0x0000bb0a     0x14b0 i2c/LCD.o
 .debug_info    0x0000cfba     0x11b9 i2c/LiquidCrystal_I2C.o
 .debug_info    0x0000e173     0x17fe i2c/SevenSegment.o
 .debug_info    0x0000f971     0x174c main.o
 .debug_info    0x000110bd      0x311 memory/memory.o
 .debug_info    0x000113ce      0x7e4 timer/Clock.o
 .debug_info    0x00011bb2      0x460 timer/SimpleTimer0.o
 .debug_info    0x00012012      0x475 timer/SimpleTimer1.o
 .debug_info    0x00012487      0x43b timer/timer.o
 .debug_info    0x000128c2      0x292 uart/uart_0.o
 .debug_info    0x00012b54      0x292 uart/uart_1.o
 .debug_info    0x00012de6      0x415 uart/uart_2.o
 .debug_info    0x000131fb      0x36e uart/uart_3.o

.debug_abbrev   0x00000000     0x4948
 *(.debug_abbrev)
 .debug_abbrev  0x00000000      0xb1a C:/Program Files (x86)/Atmel/Studio/7.0/Packs/atmel/ATmega_DFP/1.1.130/gcc/dev/atmega1280/avr51/crtatmega1280.o
 .debug_abbrev  0x00000b1a      0x1f7 analog_input/analog_input.o
 .debug_abbrev  0x00000d11      0x517 communications/communications.o
 .debug_abbrev  0x00001228      0x1e3 communications/message_queue.o
 .debug_abbrev  0x0000140b      0x261 communications/parser.o
 .debug_abbrev  0x0000166c      0x30b ControlBoxEngine.o
 .debug_abbrev  0x00001977      0x22a digital_io/digital_pin.o
 .debug_abbrev  0x00001ba1      0x1fc digital_io/expander.o
 .debug_abbrev  0x00001d9d      0x201 digital_io/expander_pin.o
 .debug_abbrev  0x00001f9e      0x2d8 high_level_io/input_handler.o
 .debug_abbrev  0x00002276      0x428 high_level_io/output_handler.o
 .debug_abbrev  0x0000269e      0x33c i2c/i2c.o
 .debug_abbrev  0x000029da      0x24f i2c/I2CIO.o
 .debug_abbrev  0x00002c29      0x3d9 i2c/LCD.o
 .debug_abbrev  0x00003002      0x312 i2c/LiquidCrystal_I2C.o
 .debug_abbrev  0x00003314      0x372 i2c/SevenSegment.o
 .debug_abbrev  0x00003686      0x3ae main.o
 .debug_abbrev  0x00003a34      0x1e9 memory/memory.o
 .debug_abbrev  0x00003c1d      0x252 timer/Clock.o
 .debug_abbrev  0x00003e6f      0x1fe timer/SimpleTimer0.o
 .debug_abbrev  0x0000406d      0x1ec timer/SimpleTimer1.o
 .debug_abbrev  0x00004259      0x141 timer/timer.o
 .debug_abbrev  0x0000439a      0x114 uart/uart_0.o
 .debug_abbrev  0x000044ae      0x114 uart/uart_1.o
 .debug_abbrev  0x000045c2      0x1f6 uart/uart_2.o
 .debug_abbrev  0x000047b8      0x190 uart/uart_3.o

.debug_line     0x00000000     0x57c6
 *(.debug_line .debug_line.* .debug_line_end)
 .debug_line    0x00000000      0x1ed C:/Program Files (x86)/Atmel/Studio/7.0/Packs/atmel/ATmega_DFP/1.1.130/gcc/dev/atmega1280/avr51/crtatmega1280.o
 .debug_line    0x000001ed      0x1f9 analog_input/analog_input.o
 .debug_line    0x000003e6      0x9ec communications/communications.o
 .debug_line    0x00000dd2      0x1af communications/message_queue.o
 .debug_line    0x00000f81      0x279 communications/parser.o
 .debug_line    0x000011fa      0x2e5 ControlBoxEngine.o
 .debug_line    0x000014df      0x2e2 digital_io/digital_pin.o
 .debug_line    0x000017c1      0x146 digital_io/expander.o
 .debug_line    0x00001907      0x1cb digital_io/expander_pin.o
 .debug_line    0x00001ad2      0x4c8 high_level_io/input_handler.o
 .debug_line    0x00001f9a      0x77f high_level_io/output_handler.o
 .debug_line    0x00002719      0x5b7 i2c/i2c.o
 .debug_line    0x00002cd0      0x1ef i2c/I2CIO.o
 .debug_line    0x00002ebf      0x687 i2c/LCD.o
 .debug_line    0x00003546      0x4f0 i2c/LiquidCrystal_I2C.o
 .debug_line    0x00003a36      0x675 i2c/SevenSegment.o
 .debug_line    0x000040ab      0x303 main.o
 .debug_line    0x000043ae      0x1c6 memory/memory.o
 .debug_line    0x00004574      0x2e9 timer/Clock.o
 .debug_line    0x0000485d      0x1dc timer/SimpleTimer0.o
 .debug_line    0x00004a39      0x1e1 timer/SimpleTimer1.o
 .debug_line    0x00004c1a      0x37d timer/timer.o
 .debug_line    0x00004f97      0x1f2 uart/uart_0.o
 .debug_line    0x00005189      0x1f2 uart/uart_1.o
 .debug_line    0x0000537b      0x240 uart/uart_2.o
 .debug_line    0x000055bb      0x20b uart/uart_3.o

.debug_frame    0x00000000     0x1f5c
 *(.debug_frame)
 .debug_frame   0x00000000       0xd8 analog_input/analog_input.o
 .debug_frame   0x000000d8      0x4a0 communications/communications.o
 .debug_frame   0x00000578       0x80 communications/message_queue.o
 .debug_frame   0x000005f8       0xe0 communications/parser.o
 .debug_frame   0x000006d8       0x40 ControlBoxEngine.o
 .debug_frame   0x00000718       0xbc digital_io/digital_pin.o
 .debug_frame   0x000007d4       0x84 digital_io/expander.o
 .debug_frame   0x00000858       0x88 digital_io/expander_pin.o
 .debug_frame   0x000008e0      0x174 high_level_io/input_handler.o
 .debug_frame   0x00000a54      0x260 high_level_io/output_handler.o
 .debug_frame   0x00000cb4      0x19c i2c/i2c.o
 .debug_frame   0x00000e50       0xcc i2c/I2CIO.o
 .debug_frame   0x00000f1c      0x2b0 i2c/LCD.o
 .debug_frame   0x000011cc      0x270 i2c/LiquidCrystal_I2C.o
 .debug_frame   0x0000143c      0x2d8 i2c/SevenSegment.o
 .debug_frame   0x00001714       0x38 main.o
 .debug_frame   0x0000174c       0x74 memory/memory.o
 .debug_frame   0x000017c0      0x14c timer/Clock.o
 .debug_frame   0x0000190c       0xe8 timer/SimpleTimer0.o
 .debug_frame   0x000019f4       0xf8 timer/SimpleTimer1.o
 .debug_frame   0x00001aec      0x150 timer/timer.o
 .debug_frame   0x00001c3c       0xc4 uart/uart_0.o
 .debug_frame   0x00001d00       0xc4 uart/uart_1.o
 .debug_frame   0x00001dc4       0xd4 uart/uart_2.o
 .debug_frame   0x00001e98       0xc4 uart/uart_3.o

.debug_str      0x00000000     0x455c
 *(.debug_str)
 .debug_str     0x00000000      0x3e6 C:/Program Files (x86)/Atmel/Studio/7.0/Packs/atmel/ATmega_DFP/1.1.130/gcc/dev/atmega1280/avr51/crtatmega1280.o
 .debug_str     0x000003e6      0x3d2 analog_input/analog_input.o
                                0x443 (size before relaxing)
 .debug_str     0x000007b8      0xf28 communications/communications.o
                               0x1160 (size before relaxing)
 .debug_str     0x000016e0       0x3a communications/message_queue.o
                                0x309 (size before relaxing)
 .debug_str     0x0000171a       0x51 communications/parser.o
                                0x438 (size before relaxing)
 .debug_str     0x0000176b      0x892 ControlBoxEngine.o
                               0x19d5 (size before relaxing)
 .debug_str     0x00001ffd       0xaf digital_io/digital_pin.o
                                0x397 (size before relaxing)
 .debug_str     0x000020ac       0x24 digital_io/expander.o
                                0x544 (size before relaxing)
 .debug_str     0x000020d0       0x39 digital_io/expander_pin.o
                                0x676 (size before relaxing)
 .debug_str     0x00002109       0x49 high_level_io/input_handler.o
                                0xf42 (size before relaxing)
 .debug_str     0x00002152      0xbce high_level_io/output_handler.o
                               0x16c4 (size before relaxing)
 .debug_str     0x00002d20       0xab i2c/i2c.o
                                0x5a0 (size before relaxing)
 .debug_str     0x00002dcb      0x16a i2c/I2CIO.o
                                0x629 (size before relaxing)
 .debug_str     0x00002f35      0x43a i2c/LCD.o
                                0x6fc (size before relaxing)
 .debug_str     0x0000336f      0x332 i2c/LiquidCrystal_I2C.o
                                0x762 (size before relaxing)
 .debug_str     0x000036a1       0xd6 i2c/SevenSegment.o
                                0xad9 (size before relaxing)
 .debug_str     0x00003777       0x45 main.o
                               0x1a44 (size before relaxing)
 .debug_str     0x000037bc       0x4d memory/memory.o
                                0x2bf (size before relaxing)
 .debug_str     0x00003809      0x15a timer/Clock.o
                                0x4f3 (size before relaxing)
 .debug_str     0x00003963      0x3a4 timer/SimpleTimer0.o
                                0x5ac (size before relaxing)
 .debug_str     0x00003d07       0x6d timer/SimpleTimer1.o
                                0x351 (size before relaxing)
 .debug_str     0x00003d74      0x497 timer/timer.o
                                0x90c (size before relaxing)
 .debug_str     0x0000420b      0x14a uart/uart_0.o
                                0x30e (size before relaxing)
 .debug_str     0x00004355       0x56 uart/uart_1.o
                                0x30e (size before relaxing)
 .debug_str     0x000043ab       0xea uart/uart_2.o
                                0x36e (size before relaxing)
 .debug_str     0x00004495       0xc7 uart/uart_3.o
                                0x33a (size before relaxing)

.debug_loc      0x00000000     0x9fc7
 *(.debug_loc)
 .debug_loc     0x00000000      0x27a analog_input/analog_input.o
 .debug_loc     0x0000027a     0x1d72 communications/communications.o
 .debug_loc     0x00001fec      0x123 communications/message_queue.o
 .debug_loc     0x0000210f      0x3f6 communications/parser.o
 .debug_loc     0x00002505       0x8b ControlBoxEngine.o
 .debug_loc     0x00002590      0x812 digital_io/digital_pin.o
 .debug_loc     0x00002da2      0x256 digital_io/expander.o
 .debug_loc     0x00002ff8      0x2eb digital_io/expander_pin.o
 .debug_loc     0x000032e3      0x58a high_level_io/input_handler.o
 .debug_loc     0x0000386d      0xb21 high_level_io/output_handler.o
 .debug_loc     0x0000438e      0x719 i2c/i2c.o
 .debug_loc     0x00004aa7      0x364 i2c/I2CIO.o
 .debug_loc     0x00004e0b      0xe7c i2c/LCD.o
 .debug_loc     0x00005c87     0x139c i2c/LiquidCrystal_I2C.o
 .debug_loc     0x00007023     0x1850 i2c/SevenSegment.o
 .debug_loc     0x00008873       0xbc main.o
 .debug_loc     0x0000892f       0xc7 memory/memory.o
 .debug_loc     0x000089f6      0x446 timer/Clock.o
 .debug_loc     0x00008e3c      0x248 timer/SimpleTimer0.o
 .debug_loc     0x00009084      0x27a timer/SimpleTimer1.o
 .debug_loc     0x000092fe      0x313 timer/timer.o
 .debug_loc     0x00009611      0x24e uart/uart_0.o
 .debug_loc     0x0000985f      0x24e uart/uart_1.o
 .debug_loc     0x00009aad      0x2cc uart/uart_2.o
 .debug_loc     0x00009d79      0x24e uart/uart_3.o

.debug_macinfo
 *(.debug_macinfo)

.debug_weaknames
 *(.debug_weaknames)

.debug_funcnames
 *(.debug_funcnames)

.debug_typenames
 *(.debug_typenames)

.debug_varnames
 *(.debug_varnames)

.debug_pubtypes
 *(.debug_pubtypes)

.debug_ranges   0x00000000      0xad8
 *(.debug_ranges)
 .debug_ranges  0x00000000       0x50 analog_input/analog_input.o
 .debug_ranges  0x00000050      0x170 communications/communications.o
 .debug_ranges  0x000001c0       0x38 communications/message_queue.o
 .debug_ranges  0x000001f8       0x88 communications/parser.o
 .debug_ranges  0x00000280       0x18 ControlBoxEngine.o
 .debug_ranges  0x00000298       0x48 digital_io/digital_pin.o
 .debug_ranges  0x000002e0       0x20 digital_io/expander.o
 .debug_ranges  0x00000300       0x28 digital_io/expander_pin.o
 .debug_ranges  0x00000328       0x68 high_level_io/input_handler.o
 .debug_ranges  0x00000390       0x68 high_level_io/output_handler.o
 .debug_ranges  0x000003f8       0xe0 i2c/i2c.o
 .debug_ranges  0x000004d8       0x48 i2c/I2CIO.o
 .debug_ranges  0x00000520      0x100 i2c/LCD.o
 .debug_ranges  0x00000620       0x78 i2c/LiquidCrystal_I2C.o
 .debug_ranges  0x00000698      0x178 i2c/SevenSegment.o
 .debug_ranges  0x00000810       0x10 main.o
 .debug_ranges  0x00000820       0x38 memory/memory.o
 .debug_ranges  0x00000858       0x60 timer/Clock.o
 .debug_ranges  0x000008b8       0x48 timer/SimpleTimer0.o
 .debug_ranges  0x00000900       0x50 timer/SimpleTimer1.o
 .debug_ranges  0x00000950       0xa0 timer/timer.o
 .debug_ranges  0x000009f0       0x38 uart/uart_0.o
 .debug_ranges  0x00000a28       0x38 uart/uart_1.o
 .debug_ranges  0x00000a60       0x40 uart/uart_2.o
 .debug_ranges  0x00000aa0       0x38 uart/uart_3.o

.debug_macro
 *(.debug_macro)
OUTPUT(ControlBoxDriver.elf elf32-avr)
LOAD linker stubs
